Archive member included to satisfy reference by file (symbol)

/workspaces/nxtosek-3.01/ecrobot/../ecrobot/libecrobot++.a(Lcd.o)
                              build/sample.o (ecrobot::Lcd::Lcd())
/workspaces/nxtosek-3.01/ecrobot/../ecrobot/libecrobot.a(ecrobot_device_hook.o)
                              build/ecrobot.o (ecrobot_device_initialize)
/workspaces/nxtosek-3.01/ecrobot/../ecrobot/libecrobot.a(ecrobot_interface.o)
                              build/ecrobot_base.o (ecrobot_get_battery_voltage)
/workspaces/nxtosek-3.01/ecrobot/../ecrobot/libecrobot.a(colorsensor.o)
                              /workspaces/nxtosek-3.01/ecrobot/../ecrobot/libecrobot.a(ecrobot_interface.o) (colorsensor_init)
/workspaces/nxtosek-3.01/ecrobot/../ecrobot/libecrobot.a(osek_hook.o)
                              build/kernel/osctl.o (StartupHook)
/workspaces/nxtosek-3.01/ecrobot/../ecrobot/libecrobot.a(uart.oram)
                              build/config/at91sam7s-gnu/irq.oram (uart_isr_C_0)
/workspaces/nxtosek-3.01/ecrobot/../ecrobot/libecrobot.a(systick.oram)
                              build/syslib/at91sam7s-gnu/lego_nxt/hw_sys_timer.oram (systick_low_priority_C)
/workspaces/nxtosek-3.01/ecrobot/../ecrobot/libecrobot.a(byte_fifo.oram)
                              /workspaces/nxtosek-3.01/ecrobot/../ecrobot/libecrobot.a(uart.oram) (byte_fifo_init)
/workspaces/nxtosek-3.01/ecrobot/../ecrobot/libecrobot.a(aic.oram)
                              /workspaces/nxtosek-3.01/ecrobot/../ecrobot/libecrobot.a(uart.oram) (aic_set_vector)
/workspaces/nxtosek-3.01/ecrobot/../ecrobot/libecrobot.a(udp.oram)
                              build/config/at91sam7s-gnu/irq.oram (udp_isr_C)
/workspaces/nxtosek-3.01/ecrobot/../ecrobot/libecrobot.a(twi.oram)
                              build/config/at91sam7s-gnu/irq.oram (twi_isr_C)
/workspaces/nxtosek-3.01/ecrobot/../ecrobot/libecrobot.a(nxt_spi.oram)
                              build/config/at91sam7s-gnu/irq.oram (spi_isr_C)
/workspaces/nxtosek-3.01/ecrobot/../ecrobot/libecrobot.a(nxt_motors.oram)
                              /workspaces/nxtosek-3.01/ecrobot/../ecrobot/libecrobot.a(ecrobot_interface.o) (nxt_motor_get_count)
/workspaces/nxtosek-3.01/ecrobot/../ecrobot/libecrobot.a(data_abort.oram)
                              build/ecrobot_init.o (data_abort_C)
/workspaces/nxtosek-3.01/ecrobot/../ecrobot/libecrobot.a(display.oram)
                              build/rtoscalls.o (display_update)
/workspaces/nxtosek-3.01/ecrobot/../ecrobot/libecrobot.a(i2c.oram)
                              build/config/at91sam7s-gnu/irq.oram (i2c_timer_isr_C)
/workspaces/nxtosek-3.01/ecrobot/../ecrobot/libecrobot.a(sound.oram)
                              /workspaces/nxtosek-3.01/ecrobot/../ecrobot/libecrobot.a(ecrobot_interface.o) (sound_freq_vol)
/workspaces/nxtosek-3.01/ecrobot/../ecrobot/libecrobot.a(bt.oram)
                              build/ecrobot_bluetooth.o (bt_send)
/workspaces/nxtosek-3.01/ecrobot/../ecrobot/libecrobot.a(nxt_avr.oram)
                              build/ecrobot_base.o (nxt_avr_power_down)
/workspaces/nxtosek-3.01/ecrobot/../ecrobot/libecrobot.a(sensors.oram)
                              /workspaces/nxtosek-3.01/ecrobot/../ecrobot/libecrobot.a(ecrobot_interface.o) (set_digi0)
/workspaces/nxtosek-3.01/ecrobot/../ecrobot/libecrobot.a(sensors1.oram)
                              /workspaces/nxtosek-3.01/ecrobot/../ecrobot/libecrobot.a(colorsensor.o) (sp_read)
/workspaces/nxtosek-3.01/ecrobot/../ecrobot/libecrobot.a(nxt_lcd.oram)
                              /workspaces/nxtosek-3.01/ecrobot/../ecrobot/libecrobot.a(display.oram) (nxt_lcd_force_update)
/workspaces/nxtosek-3.01/ecrobot/../ecrobot/libecrobot.a(flash_loader.oram)
                              build/ecrobot_base.o (set_flash_request)
/workspaces/nxtosek-3.01/ecrobot/../ecrobot/libecrobot.a(interrupts.oram)
                              /workspaces/nxtosek-3.01/ecrobot/../ecrobot/libecrobot.a(uart.oram) (interrupts_get_and_disable)
/workspaces/nxtosek-3.01/ecrobot/../ecrobot/libecrobot.a(nxtosek_splash.obmp)
                              build/ecrobot_base.o (nxtosek_splash_bmp_start)
/workspaces/nxtosek-3.01/ecrobot/../ecrobot/libecrobot.a(ecrobot_usb.o)
                              /workspaces/nxtosek-3.01/ecrobot/../ecrobot/libecrobot.a(flash_loader.oram) (ecrobot_init_usb)
/workspaces/nxtosek-3.01/ecrobot/../ecrobot/libecrobot.a(flashprog.oram)
                              /workspaces/nxtosek-3.01/ecrobot/../ecrobot/libecrobot.a(flash_loader.oram) (flash_write_page)
/usr/lib/gcc/arm-none-eabi/9.2.1/thumb/nofp/libgcc.a(_thumb1_case_uqi.o)
                              /workspaces/nxtosek-3.01/ecrobot/../ecrobot/libecrobot.a(uart.oram) (__gnu_thumb1_case_uqi)
/usr/lib/gcc/arm-none-eabi/9.2.1/thumb/nofp/libgcc.a(_thumb1_case_uhi.o)
                              /workspaces/nxtosek-3.01/ecrobot/../ecrobot/libecrobot.a(i2c.oram) (__gnu_thumb1_case_uhi)
[...]
Memory Configuration

Name             Origin             Length             Attributes
header_ram       0x00000000001ffff0 0x0000000000000010
vector_ram       0x0000000000200000 0x0000000000000040
ram              0x0000000000200040 0x000000000000ffc0
*default*        0x0000000000000000 0xffffffffffffffff

Linker script and memory map

LOAD build/kernel/alarm.o
LOAD build/kernel/event.o
LOAD build/kernel/interrupt.o
LOAD build/kernel/osctl.o
LOAD build/kernel/resource.o
LOAD build/kernel/task.o
LOAD build/kernel/task_manage.o
LOAD build/config/at91sam7s-gnu/cpu_config.o
LOAD build/config/at91sam7s-gnu/lego_nxt/sys_config.o
LOAD build/./kernel_cfg.o
LOAD build/rtoscalls.o
LOAD build/syscalls.o
LOAD build/ecrobot_bluetooth.o
LOAD build/ecrobot_base.o
LOAD build/ecrobot.o
LOAD build/syslib/at91sam7s-gnu/lego_nxt/hw_sys_timer.oram
LOAD build/sample.o
LOAD build/nxtvm/platform/nxt/vectors.o
LOAD build/config/at91sam7s-gnu/debug.o
LOAD build/config/at91sam7s-gnu/lego_nxt/sys_support.o
LOAD build/nxt_binary_header.o
LOAD build/nxt_entry_point.o
LOAD build/ecrobot_init.o
LOAD build/config/at91sam7s-gnu/cpu_support.oram
LOAD build/config/at91sam7s-gnu/irq.oram
LOAD /workspaces/nxtosek-3.01/ecrobot/../ecrobot/libecrobot++.a
LOAD /workspaces/nxtosek-3.01/ecrobot/../ecrobot/libecrobot.a
LOAD /usr/lib/gcc/arm-none-eabi/9.2.1/../../../arm-none-eabi/lib/thumb/nofp/libstdc++.a
LOAD /usr/lib/gcc/arm-none-eabi/9.2.1/../../../arm-none-eabi/lib/thumb/nofp/libm.a
START GROUP
LOAD /usr/lib/gcc/arm-none-eabi/9.2.1/thumb/nofp/libgcc.a
LOAD /usr/lib/gcc/arm-none-eabi/9.2.1/../../../arm-none-eabi/lib/thumb/nofp/libc.a
END GROUP
                0x0000000000200000                RAM_BASE = 0x200000
                0x0000000000010000                RAM_SIZE = 0x10000

.header         0x00000000001ffff0       0x10
 *nxt_binary_header.o(*.text *.text.*)
 .text          0x00000000001ffff0       0x10 build/nxt_binary_header.o
                0x0000000000200000                . = ALIGN (0x10)

.vectors        0x0000000000200000       0x40
 vectors.o(*.text *.text.*)
 .text          0x0000000000200000       0x38 build/nxtvm/platform/nxt/vectors.o
                0x0000000000200040                . = ALIGN (0x10)
 *fill*         0x0000000000200038        0x8 
                0x0000000000200000                __vectors_ram_start__ = ADDR (.vectors)
                0x0000000000200040                __vectors_ram_end__ = (ADDR (.vectors) + SIZEOF (.vectors))
                0x0000000000200000                __vectors_load_start__ = LOADADDR (.vectors)
                0x0000000000200040                __vectors_load_end__ = (LOADADDR (.vectors) + SIZEOF (.vectors))

.entry          0x0000000000200040       0x40
 *nxt_entry_point.o(*.text *.text.*)
 .text          0x0000000000200040       0x38 build/nxt_entry_point.o
                0x0000000000200040                NXT_Entry_Point
                0x0000000000200080                . = ALIGN (0x10)
 *fill*         0x0000000000200078        0x8 

.init           0x0000000000200080      0x280
 *ecrobot_init.o(*.text *.text.*)
 .text          0x0000000000200080      0x280 build/ecrobot_init.o
                0x0000000000200080                start
                0x00000000002001ec                undef_handler
                0x00000000002001f0                swi_handler
                0x00000000002001f4                prefetch_abort_handler
                0x00000000002001f8                data_abort_handler
                0x0000000000200214                reserved_handler
                0x0000000000200300                . = ALIGN (0x10)

.ram_text       0x0000000000200300     0x2d00
                0x0000000000200300                . = ALIGN (0x10)
 *.oram(*.text *.text.* *.glue*)
 .text.systick_isr_C1
                0x0000000000200300       0x28 build/syslib/at91sam7s-gnu/lego_nxt/hw_sys_timer.oram
                0x0000000000200300                systick_isr_C1
 *fill*         0x0000000000200328        0x8 
 .text          0x0000000000200330      0x228 build/config/at91sam7s-gnu/cpu_support.oram
                0x0000000000200330                dispatch
                0x0000000000200370                activate_r
                0x00000000002003a0                exit_and_dispatch
                0x00000000002003b0                start_dispatch
                0x000000000020046c                _interrupt
                0x00000000002004dc                int_return
                0x0000000000200508                disable_int
                0x0000000000200510                enable_int
                0x0000000000200518                nop
 *fill*         0x0000000000200558        0x8 
 .text          0x0000000000200560      0x2bc build/config/at91sam7s-gnu/irq.oram
                0x0000000000200560                default_isr
                0x0000000000200560                default_fiq
                0x0000000000200560                spurious_isr
                0x0000000000200564                systick_isr_entry
                0x00000000002005ac                systick_low_priority_entry
                0x00000000002005ec                udp_isr_entry
                0x000000000020062c                spi_isr_entry
                0x000000000020066c                twi_isr_entry
                0x00000000002006ac                sound_isr_entry
                0x00000000002006ec                uart_isr_entry_0
                0x000000000020072c                uart_isr_entry_1
                0x000000000020076c                nxt_motor_isr_entry
                0x00000000002007ac                i2c_timer_isr_entry
 .text.uart_process_isr.part.0
                0x000000000020081c       0x78 /workspaces/nxtosek-3.01/ecrobot/../ecrobot/libecrobot.a(uart.oram)
 .text.uart_isr_C_0
                0x0000000000200894        0xe /workspaces/nxtosek-3.01/ecrobot/../ecrobot/libecrobot.a(uart.oram)
                0x0000000000200894                uart_isr_C_0
 .text.uart_isr_C_1
                0x00000000002008a2        0x2 /workspaces/nxtosek-3.01/ecrobot/../ecrobot/libecrobot.a(uart.oram)
                0x00000000002008a2                uart_isr_C_1
 .text.systick_low_priority_C
                0x00000000002008a4       0x1c /workspaces/nxtosek-3.01/ecrobot/../ecrobot/libecrobot.a(systick.oram)
                0x00000000002008a4                systick_low_priority_C
 .text.systick_isr_C
                0x00000000002008c0       0x24 /workspaces/nxtosek-3.01/ecrobot/../ecrobot/libecrobot.a(systick.oram)
                0x00000000002008c0                systick_isr_C
 .text.systick_get_ms
                0x00000000002008e4        0xc /workspaces/nxtosek-3.01/ecrobot/../ecrobot/libecrobot.a(systick.oram)
                0x00000000002008e4                systick_get_ms
 .text.systick_wait_ms
                0x00000000002008f0       0x1c /workspaces/nxtosek-3.01/ecrobot/../ecrobot/libecrobot.a(systick.oram)
                0x00000000002008f0                systick_wait_ms
 .text.systick_wait_ns
                0x000000000020090c       0x1a /workspaces/nxtosek-3.01/ecrobot/../ecrobot/libecrobot.a(systick.oram)
                0x000000000020090c                systick_wait_ns
 *fill*         0x0000000000200926        0x2 
 .text.systick_init
                0x0000000000200928       0x58 /workspaces/nxtosek-3.01/ecrobot/../ecrobot/libecrobot.a(systick.oram)
                0x0000000000200928                systick_init
 .text.systick_suspend
                0x0000000000200980        0xe /workspaces/nxtosek-3.01/ecrobot/../ecrobot/libecrobot.a(systick.oram)
                0x0000000000200980                systick_suspend
 .text.systick_resume
                0x000000000020098e        0xe /workspaces/nxtosek-3.01/ecrobot/../ecrobot/libecrobot.a(systick.oram)
                0x000000000020098e                systick_resume
 .text.byte_fifo_put
                0x000000000020099c       0x4a /workspaces/nxtosek-3.01/ecrobot/../ecrobot/libecrobot.a(byte_fifo.oram)
                0x000000000020099c                byte_fifo_put
 .text.byte_fifo_get
                0x00000000002009e6       0x2a /workspaces/nxtosek-3.01/ecrobot/../ecrobot/libecrobot.a(byte_fifo.oram)
                0x00000000002009e6                byte_fifo_get
 .text.aic_initialise
                0x0000000000200a10       0x5c /workspaces/nxtosek-3.01/ecrobot/../ecrobot/libecrobot.a(aic.oram)
                0x0000000000200a10                aic_initialise
 .text.aic_set_vector
                0x0000000000200a6c       0x34 /workspaces/nxtosek-3.01/ecrobot/../ecrobot/libecrobot.a(aic.oram)
                0x0000000000200a6c                aic_set_vector
 .text.aic_mask_on
                0x0000000000200aa0       0x24 /workspaces/nxtosek-3.01/ecrobot/../ecrobot/libecrobot.a(aic.oram)
                0x0000000000200aa0                aic_mask_on
 .text.aic_mask_off
                0x0000000000200ac4       0x24 /workspaces/nxtosek-3.01/ecrobot/../ecrobot/libecrobot.a(aic.oram)
                0x0000000000200ac4                aic_mask_off
 .text.aic_clear
                0x0000000000200ae8       0x24 /workspaces/nxtosek-3.01/ecrobot/../ecrobot/libecrobot.a(aic.oram)
                0x0000000000200ae8                aic_clear
 .text.reset    0x0000000000200b0c       0x4c /workspaces/nxtosek-3.01/ecrobot/../ecrobot/libecrobot.a(udp.oram)
 .text.udp_send_null
                0x0000000000200b58       0x2c /workspaces/nxtosek-3.01/ecrobot/../ecrobot/libecrobot.a(udp.oram)
 .text.udp_send_stall
                0x0000000000200b84       0x2c /workspaces/nxtosek-3.01/ecrobot/../ecrobot/libecrobot.a(udp.oram)
 .text.udp_send_control
                0x0000000000200bb0       0x54 /workspaces/nxtosek-3.01/ecrobot/../ecrobot/libecrobot.a(udp.oram)
 .text.udp_isr_C
                0x0000000000200c04      0x708 /workspaces/nxtosek-3.01/ecrobot/../ecrobot/libecrobot.a(udp.oram)
                0x0000000000200c04                udp_isr_C
 .text.twi_status
                0x000000000020130c       0x18 /workspaces/nxtosek-3.01/ecrobot/../ecrobot/libecrobot.a(twi.oram)
                0x000000000020130c                twi_status
 .text.twi_isr_C
                0x0000000000201324       0xb8 /workspaces/nxtosek-3.01/ecrobot/../ecrobot/libecrobot.a(twi.oram)
                0x0000000000201324                twi_isr_C
 .text.twi_reset
                0x00000000002013dc       0xc0 /workspaces/nxtosek-3.01/ecrobot/../ecrobot/libecrobot.a(twi.oram)
                0x00000000002013dc                twi_reset
 .text.twi_init
                0x000000000020149c       0x4c /workspaces/nxtosek-3.01/ecrobot/../ecrobot/libecrobot.a(twi.oram)
                0x000000000020149c                twi_init
 .text.twi_start_read
                0x00000000002014e8       0x5c /workspaces/nxtosek-3.01/ecrobot/../ecrobot/libecrobot.a(twi.oram)
                0x00000000002014e8                twi_start_read
 .text.twi_start_write
                0x0000000000201544       0x5c /workspaces/nxtosek-3.01/ecrobot/../ecrobot/libecrobot.a(twi.oram)
                0x0000000000201544                twi_start_write
 .text.spi_set_mode
                0x00000000002015a0       0x38 /workspaces/nxtosek-3.01/ecrobot/../ecrobot/libecrobot.a(nxt_spi.oram)
 .text.spi_isr_C
                0x00000000002015d8       0x68 /workspaces/nxtosek-3.01/ecrobot/../ecrobot/libecrobot.a(nxt_spi.oram)
                0x00000000002015d8                spi_isr_C
 .text.nxt_spi_init
                0x0000000000201640      0x140 /workspaces/nxtosek-3.01/ecrobot/../ecrobot/libecrobot.a(nxt_spi.oram)
                0x0000000000201640                nxt_spi_init
 .text.nxt_spi_write
                0x0000000000201780       0x40 /workspaces/nxtosek-3.01/ecrobot/../ecrobot/libecrobot.a(nxt_spi.oram)
                0x0000000000201780                nxt_spi_write
 .text.nxt_spi_set_display
                0x00000000002017c0       0x10 /workspaces/nxtosek-3.01/ecrobot/../ecrobot/libecrobot.a(nxt_spi.oram)
                0x00000000002017c0                nxt_spi_set_display
 .text.nxt_spi_refresh
                0x00000000002017d0       0x24 /workspaces/nxtosek-3.01/ecrobot/../ecrobot/libecrobot.a(nxt_spi.oram)
                0x00000000002017d0                nxt_spi_refresh
 .text.nxt_motor_set_count
                0x00000000002017f4       0x10 /workspaces/nxtosek-3.01/ecrobot/../ecrobot/libecrobot.a(nxt_motors.oram)
                0x00000000002017f4                nxt_motor_set_count
 .text.nxt_motor_1kHz_process
                0x0000000000201804       0x28 /workspaces/nxtosek-3.01/ecrobot/../ecrobot/libecrobot.a(nxt_motors.oram)
                0x0000000000201804                nxt_motor_1kHz_process
 .text.nxt_motor_quad_decode
                0x000000000020182c       0x28 /workspaces/nxtosek-3.01/ecrobot/../ecrobot/libecrobot.a(nxt_motors.oram)
                0x000000000020182c                nxt_motor_quad_decode
 .text.nxt_motor_isr_C
                0x0000000000201854       0x84 /workspaces/nxtosek-3.01/ecrobot/../ecrobot/libecrobot.a(nxt_motors.oram)
                0x0000000000201854                nxt_motor_isr_C
 .text.nxt_motor_init
                0x00000000002018d8       0x78 /workspaces/nxtosek-3.01/ecrobot/../ecrobot/libecrobot.a(nxt_motors.oram)
                0x00000000002018d8                nxt_motor_init
 .text.data_abort_C
                0x0000000000201950       0x7c /workspaces/nxtosek-3.01/ecrobot/../ecrobot/libecrobot.a(data_abort.oram)
                0x0000000000201950                data_abort_C
 .text.display_update
                0x00000000002019cc       0x18 /workspaces/nxtosek-3.01/ecrobot/../ecrobot/libecrobot.a(display.oram)
                0x00000000002019cc                display_update
 .text.display_force_update
                0x00000000002019e4        0xc /workspaces/nxtosek-3.01/ecrobot/../ecrobot/libecrobot.a(display.oram)
                0x00000000002019e4                display_force_update
 .text.display_clear
                0x00000000002019f0       0x24 /workspaces/nxtosek-3.01/ecrobot/../ecrobot/libecrobot.a(display.oram)
                0x00000000002019f0                display_clear
 .text.display_goto_xy
                0x0000000000201a14       0x14 /workspaces/nxtosek-3.01/ecrobot/../ecrobot/libecrobot.a(display.oram)
                0x0000000000201a14                display_goto_xy
 .text.display_char
                0x0000000000201a28       0x4c /workspaces/nxtosek-3.01/ecrobot/../ecrobot/libecrobot.a(display.oram)
                0x0000000000201a28                display_char
 .text.display_string
                0x0000000000201a74       0x40 /workspaces/nxtosek-3.01/ecrobot/../ecrobot/libecrobot.a(display.oram)
                0x0000000000201a74                display_string
 .text.display_unsigned_worker
                0x0000000000201ab4       0x72 /workspaces/nxtosek-3.01/ecrobot/../ecrobot/libecrobot.a(display.oram)
 *fill*         0x0000000000201b26        0x2 
 .text.display_hex
                0x0000000000201b28       0x4c /workspaces/nxtosek-3.01/ecrobot/../ecrobot/libecrobot.a(display.oram)
                0x0000000000201b28                display_hex
 .text.display_unsigned
                0x0000000000201b74        0xe /workspaces/nxtosek-3.01/ecrobot/../ecrobot/libecrobot.a(display.oram)
                0x0000000000201b74                display_unsigned
 .text.display_int
                0x0000000000201b82       0x16 /workspaces/nxtosek-3.01/ecrobot/../ecrobot/libecrobot.a(display.oram)
                0x0000000000201b82                display_int
 .text.display_bitmap_copy
                0x0000000000201b98       0x48 /workspaces/nxtosek-3.01/ecrobot/../ecrobot/libecrobot.a(display.oram)
                0x0000000000201b98                display_bitmap_copy
 .text.display_init
                0x0000000000201be0       0x48 /workspaces/nxtosek-3.01/ecrobot/../ecrobot/libecrobot.a(display.oram)
                0x0000000000201be0                display_init
 .text.i2c_timer_isr_C
                0x0000000000201c28      0x2f8 /workspaces/nxtosek-3.01/ecrobot/../ecrobot/libecrobot.a(i2c.oram)
                0x0000000000201c28                i2c_timer_isr_C
 .text.i2c_disable
                0x0000000000201f20       0x20 /workspaces/nxtosek-3.01/ecrobot/../ecrobot/libecrobot.a(i2c.oram)
                0x0000000000201f20                i2c_disable
 .text.i2c_init
                0x0000000000201f40       0xb0 /workspaces/nxtosek-3.01/ecrobot/../ecrobot/libecrobot.a(i2c.oram)
                0x0000000000201f40                i2c_init
 .text.sound_interrupt_enable
                0x0000000000201ff0       0x1c /workspaces/nxtosek-3.01/ecrobot/../ecrobot/libecrobot.a(sound.oram)
                0x0000000000201ff0                sound_interrupt_enable
 .text.sound_interrupt_disable
                0x000000000020200c       0x14 /workspaces/nxtosek-3.01/ecrobot/../ecrobot/libecrobot.a(sound.oram)
                0x000000000020200c                sound_interrupt_disable
 .text.sound_init
                0x0000000000202020       0xb0 /workspaces/nxtosek-3.01/ecrobot/../ecrobot/libecrobot.a(sound.oram)
                0x0000000000202020                sound_init
 .text.sound_fill_sample_buffer
                0x00000000002020d0       0xd0 /workspaces/nxtosek-3.01/ecrobot/../ecrobot/libecrobot.a(sound.oram)
                0x00000000002020d0                sound_fill_sample_buffer
 .text.sound_isr_C
                0x00000000002021a0      0x13c /workspaces/nxtosek-3.01/ecrobot/../ecrobot/libecrobot.a(sound.oram)
                0x00000000002021a0                sound_isr_C
 .text.bt_init  0x00000000002022dc      0x1d0 /workspaces/nxtosek-3.01/ecrobot/../ecrobot/libecrobot.a(bt.oram)
                0x00000000002022dc                bt_init
 .text.nxt_avr_power_down
                0x00000000002024ac       0x10 /workspaces/nxtosek-3.01/ecrobot/../ecrobot/libecrobot.a(nxt_avr.oram)
                0x00000000002024ac                nxt_avr_power_down
 .text.nxt_avr_link_init
                0x00000000002024bc       0x20 /workspaces/nxtosek-3.01/ecrobot/../ecrobot/libecrobot.a(nxt_avr.oram)
                0x00000000002024bc                nxt_avr_link_init
 .text.nxt_avr_init
                0x00000000002024dc       0x68 /workspaces/nxtosek-3.01/ecrobot/../ecrobot/libecrobot.a(nxt_avr.oram)
                0x00000000002024dc                nxt_avr_init
 .text.nxt_avr_1kHz_update
                0x0000000000202544      0x1a8 /workspaces/nxtosek-3.01/ecrobot/../ecrobot/libecrobot.a(nxt_avr.oram)
                0x0000000000202544                nxt_avr_1kHz_update
 .text.buttons_get
                0x00000000002026ec        0xc /workspaces/nxtosek-3.01/ecrobot/../ecrobot/libecrobot.a(nxt_avr.oram)
                0x00000000002026ec                buttons_get
 .text.battery_voltage
                0x00000000002026f8       0x20 /workspaces/nxtosek-3.01/ecrobot/../ecrobot/libecrobot.a(nxt_avr.oram)
                0x00000000002026f8                battery_voltage
 .text.nxt_avr_set_input_power
                0x0000000000202718       0x3c /workspaces/nxtosek-3.01/ecrobot/../ecrobot/libecrobot.a(nxt_avr.oram)
                0x0000000000202718                nxt_avr_set_input_power
 .text.unset_digi0
                0x0000000000202754       0x48 /workspaces/nxtosek-3.01/ecrobot/../ecrobot/libecrobot.a(sensors.oram)
                0x0000000000202754                unset_digi0
 .text.unset_digi1
                0x000000000020279c       0x48 /workspaces/nxtosek-3.01/ecrobot/../ecrobot/libecrobot.a(sensors.oram)
                0x000000000020279c                unset_digi1
 .text.init_sensors
                0x00000000002027e4       0x58 /workspaces/nxtosek-3.01/ecrobot/../ecrobot/libecrobot.a(sensors.oram)
                0x00000000002027e4                init_sensors
 .text.nxt_lcd_command
                0x000000000020283c       0x16 /workspaces/nxtosek-3.01/ecrobot/../ecrobot/libecrobot.a(nxt_lcd.oram)
                0x000000000020283c                nxt_lcd_command
 .text.nxt_lcd_set_col
                0x0000000000202852       0x1e /workspaces/nxtosek-3.01/ecrobot/../ecrobot/libecrobot.a(nxt_lcd.oram)
                0x0000000000202852                nxt_lcd_set_col
 .text.nxt_lcd_set_page_address
                0x0000000000202870       0x14 /workspaces/nxtosek-3.01/ecrobot/../ecrobot/libecrobot.a(nxt_lcd.oram)
                0x0000000000202870                nxt_lcd_set_page_address
 .text.nxt_lcd_set_pot
                0x0000000000202884       0x18 /workspaces/nxtosek-3.01/ecrobot/../ecrobot/libecrobot.a(nxt_lcd.oram)
                0x0000000000202884                nxt_lcd_set_pot
 .text.nxt_lcd_reset
                0x000000000020289c        0xe /workspaces/nxtosek-3.01/ecrobot/../ecrobot/libecrobot.a(nxt_lcd.oram)
                0x000000000020289c                nxt_lcd_reset
 *fill*         0x00000000002028aa        0x2 
 .text.nxt_lcd_force_update
                0x00000000002028ac       0x34 /workspaces/nxtosek-3.01/ecrobot/../ecrobot/libecrobot.a(nxt_lcd.oram)
                0x00000000002028ac                nxt_lcd_force_update
 .text.nxt_lcd_update
                0x00000000002028e0        0xc /workspaces/nxtosek-3.01/ecrobot/../ecrobot/libecrobot.a(nxt_lcd.oram)
                0x00000000002028e0                nxt_lcd_update
 .text.nxt_lcd_power_up
                0x00000000002028ec       0x48 /workspaces/nxtosek-3.01/ecrobot/../ecrobot/libecrobot.a(nxt_lcd.oram)
                0x00000000002028ec                nxt_lcd_power_up
 .text.nxt_lcd_power_down
                0x0000000000202934        0xc /workspaces/nxtosek-3.01/ecrobot/../ecrobot/libecrobot.a(nxt_lcd.oram)
                0x0000000000202934                nxt_lcd_power_down
 .text.nxt_lcd_init
                0x0000000000202940       0x18 /workspaces/nxtosek-3.01/ecrobot/../ecrobot/libecrobot.a(nxt_lcd.oram)
                0x0000000000202940                nxt_lcd_init
 .text.verify_flash_page
                0x0000000000202958       0x2e /workspaces/nxtosek-3.01/ecrobot/../ecrobot/libecrobot.a(flash_loader.oram)
 *fill*         0x0000000000202986        0x2 
 .text.set_flash_request
                0x0000000000202988       0x38 /workspaces/nxtosek-3.01/ecrobot/../ecrobot/libecrobot.a(flash_loader.oram)
                0x0000000000202988                set_flash_request
 .text.nxt_device_init
                0x00000000002029c0       0x38 /workspaces/nxtosek-3.01/ecrobot/../ecrobot/libecrobot.a(flash_loader.oram)
                0x00000000002029c0                nxt_device_init
 .text          0x00000000002029f8       0x68 /workspaces/nxtosek-3.01/ecrobot/../ecrobot/libecrobot.a(interrupts.oram)
                0x00000000002029f8                interrupts_get_and_disable
                0x0000000000202a1c                interrupts_enable
                0x0000000000202a2c                fiq_get_and_disable
                0x0000000000202a50                fiq_enable
 .text.flash_write_page
                0x0000000000202a60       0xb8 /workspaces/nxtosek-3.01/ecrobot/../ecrobot/libecrobot.a(flashprog.oram)
                0x0000000000202a60                flash_write_page
 .text.flash_write_page.__stub
                0x0000000000202b18       0x38 linker stubs
                0x0000000000202b50                . = ALIGN (0x10)
 *fill*         0x0000000000202b58        0x8 
 *.oram(*.rodata *.rodata.*)
 .rodata.dd     0x0000000000202b60       0x12 /workspaces/nxtosek-3.01/ecrobot/../ecrobot/libecrobot.a(udp.oram)
 .rodata.ld     0x0000000000202b72        0x4 /workspaces/nxtosek-3.01/ecrobot/../ecrobot/libecrobot.a(udp.oram)
 .rodata.cfd    0x0000000000202b76       0x20 /workspaces/nxtosek-3.01/ecrobot/../ecrobot/libecrobot.a(udp.oram)
 .rodata.str1.1
                0x0000000000202b96       0x1d /workspaces/nxtosek-3.01/ecrobot/../ecrobot/libecrobot.a(data_abort.oram)
 .rodata.str1.1
                0x0000000000202bb3       0x67 /workspaces/nxtosek-3.01/ecrobot/../ecrobot/libecrobot.a(display.oram)
 .rodata.font   0x0000000000202c1a      0x280 /workspaces/nxtosek-3.01/ecrobot/../ecrobot/libecrobot.a(display.oram)
 *fill*         0x0000000000202e9a        0x2 
 .rodata.i2c_pin
                0x0000000000202e9c       0x20 /workspaces/nxtosek-3.01/ecrobot/../ecrobot/libecrobot.a(i2c.oram)
 .rodata        0x0000000000202ebc        0x9 /workspaces/nxtosek-3.01/ecrobot/../ecrobot/libecrobot.a(sound.oram)
 *fill*         0x0000000000202ec5        0x3 
 .rodata.sample_pattern
                0x0000000000202ec8       0x84 /workspaces/nxtosek-3.01/ecrobot/../ecrobot/libecrobot.a(sound.oram)
                0x0000000000202ec8                sample_pattern
 .rodata.silence
                0x0000000000202f4c       0x40 /workspaces/nxtosek-3.01/ecrobot/../ecrobot/libecrobot.a(sound.oram)
                0x0000000000202f4c                silence
 .rodata.avr_brainwash_string
                0x0000000000202f8c       0x30 /workspaces/nxtosek-3.01/ecrobot/../ecrobot/libecrobot.a(nxt_avr.oram)
                0x0000000000202f8c                avr_brainwash_string
 .rodata        0x0000000000202fbc       0x20 /workspaces/nxtosek-3.01/ecrobot/../ecrobot/libecrobot.a(sensors.oram)
 .rodata.str1.1
                0x0000000000202fdc       0x21 /workspaces/nxtosek-3.01/ecrobot/../ecrobot/libecrobot.a(flash_loader.oram)
                0x0000000000203000                . = ALIGN (0x10)
 *fill*         0x0000000000202ffd        0x3 
                0x0000000000200300                __ramtext_ram_start__ = ADDR (.ram_text)
                0x0000000000203000                __ramtext_ram_end__ = (ADDR (.ram_text) + SIZEOF (.ram_text))
                0x0000000000200300                __ramtext_load_start__ = LOADADDR (.ram_text)
                0x0000000000203000                __ramtext_load_end__ = (__ramtext_load_start__ + SIZEOF (.ram_text))

.wav_data       0x0000000000203000        0x0
 *.owav(*.data *.data.*)
                0x0000000000203000                . = ALIGN (0x10)

.bmp_data       0x0000000000203000      0x440
 *.obmp(*.data *.data.*)
 .data          0x0000000000203000      0x43e /workspaces/nxtosek-3.01/ecrobot/../ecrobot/libecrobot.a(nxtosek_splash.obmp)
                0x0000000000203000                nxtosek_splash_bmp_start
                0x000000000020343e                nxtosek_splash_bmp_end
                0x0000000000203440                . = ALIGN (0x10)
 *fill*         0x000000000020343e        0x2 

.spr_data       0x0000000000203440        0x0
 *.ospr(*.data *.data.*)
                0x0000000000203440                . = ALIGN (0x10)

.data           0x0000000000203440      0x480
 *(*.data *.data.*)
 .data.deviceStatus
                0x0000000000203440        0x1 /workspaces/nxtosek-3.01/ecrobot/../ecrobot/libecrobot.a(ecrobot_interface.o)
 .data.named    0x0000000000203441       0x22 /workspaces/nxtosek-3.01/ecrobot/../ecrobot/libecrobot.a(udp.oram)
 .data.snd      0x0000000000203463       0x1a /workspaces/nxtosek-3.01/ecrobot/../ecrobot/libecrobot.a(udp.oram)
 *fill*         0x000000000020347d        0x3 
 .data.configured
                0x0000000000203480        0x4 /workspaces/nxtosek-3.01/ecrobot/../ecrobot/libecrobot.a(udp.oram)
 .bss.data      0x0000000000203484        0x4 /workspaces/nxtosek-3.01/ecrobot/../ecrobot/libecrobot.a(nxt_spi.oram)
                0x0000000000203484                data
 .data.mode     0x0000000000203488        0x1 /workspaces/nxtosek-3.01/ecrobot/../ecrobot/libecrobot.a(nxt_spi.oram)
                0x0000000000203488                mode
 *fill*         0x0000000000203489        0x3 
 .data.display_auto_update
                0x000000000020348c        0x4 /workspaces/nxtosek-3.01/ecrobot/../ecrobot/libecrobot.a(display.oram)
                0x000000000020348c                display_auto_update
 .data          0x0000000000203490      0x430 /usr/lib/gcc/arm-none-eabi/9.2.1/../../../arm-none-eabi/lib/thumb/nofp/libc.a(lib_a-impure.o)
                0x0000000000203490                _impure_ptr
                0x00000000002038c0                . = ALIGN (0x10)
                0x0000000000203440                __data_ram_start__ = ADDR (.data)
                0x00000000002038c0                __data_ram_end__ = (ADDR (.data) + SIZEOF (.data))
                0x0000000000203440                __data_load_start__ = LOADADDR (.data)
                0x00000000002038c0                __data_load_end__ = (__data_load_start__ + SIZEOF (.data))

.igot.plt       0x00000000002038c0        0x0
 .igot.plt      0x00000000002038c0        0x0 build/kernel/osctl.o

.text           0x00000000002038c0      0xd50
                0x00000000002038c0                . = ALIGN (0x10)
 *(*.text *.text.* *.glue*)
 .glue_7        0x00000000002038c0        0x0 linker stubs
 .glue_7t       0x00000000002038c0        0x0 linker stubs
 .text.call_posttaskhook
                0x00000000002038c0       0x24 build/kernel/osctl.o
                0x00000000002038c0                call_posttaskhook
 .text.call_pretaskhook
                0x00000000002038e4       0x24 build/kernel/osctl.o
                0x00000000002038e4                call_pretaskhook
 .text.StartOS  0x0000000000203908       0x54 build/kernel/osctl.o
                0x0000000000203908                StartOS
 .text.make_runnable
                0x000000000020395c       0x94 build/kernel/task.o
                0x000000000020395c                make_runnable
 .text.make_active
                0x00000000002039f0       0x70 build/kernel/task.o
                0x00000000002039f0                make_active
 .text.task_initialize
                0x0000000000203a60       0x88 build/kernel/task.o
                0x0000000000203a60                task_initialize
 .text.cpu_initialize
                0x0000000000203ae8        0x2 build/config/at91sam7s-gnu/cpu_config.o
                0x0000000000203ae8                cpu_initialize
 .text.sys_initialize
                0x0000000000203aea        0x2 build/config/at91sam7s-gnu/lego_nxt/sys_config.o
                0x0000000000203aea                sys_initialize
 .text.object_initialize
                0x0000000000203aec        0xc build/./kernel_cfg.o
                0x0000000000203aec                object_initialize
 .text.init_OS_flag
                0x0000000000203af8        0xc build/ecrobot_base.o
                0x0000000000203af8                init_OS_flag
 .text.set_OS_flag
                0x0000000000203b04        0xc build/ecrobot_base.o
                0x0000000000203b04                set_OS_flag
 .text.get_OS_flag
                0x0000000000203b10        0xc build/ecrobot_base.o
                0x0000000000203b10                get_OS_flag
 .text.cpp_constructor
                0x0000000000203b1c       0x28 build/ecrobot_base.o
                0x0000000000203b1c                cpp_constructor
 .text.cpp_destructor
                0x0000000000203b44        0xe build/ecrobot_base.o
                0x0000000000203b44                cpp_destructor
 *fill*         0x0000000000203b52        0x2 
 .text.execution_mode
                0x0000000000203b54       0x14 build/ecrobot_base.o
                0x0000000000203b54                execution_mode
 .text.show_splash_screen
                0x0000000000203b68       0x88 build/ecrobot_base.o
                0x0000000000203b68                show_splash_screen
 .text.show_main_screen
                0x0000000000203bf0       0x48 build/ecrobot_base.o
                0x0000000000203bf0                show_main_screen
 .text.display_status_bar
                0x0000000000203c38       0x60 build/ecrobot_base.o
                0x0000000000203c38                display_status_bar
 .text.add_status_info
                0x0000000000203c98       0x64 build/ecrobot_base.o
                0x0000000000203c98                add_status_info
 .text.restart_NXT
                0x0000000000203cfc       0x2e build/ecrobot_base.o
                0x0000000000203cfc                restart_NXT
 .text.shutdown_NXT
                0x0000000000203d2a       0x2e build/ecrobot_base.o
                0x0000000000203d2a                shutdown_NXT
 .text.check_NXT_buttons
                0x0000000000203d58       0x3c build/ecrobot_base.o
                0x0000000000203d58                check_NXT_buttons
 .text.startup.main
                0x0000000000203d94      0x108 build/ecrobot.o
                0x0000000000203d94                main
 .text.user_1ms_isr_type2
                0x0000000000203e9c        0x2 build/sample.o
                0x0000000000203e9c                user_1ms_isr_type2
 *fill*         0x0000000000203e9e        0x2 
 .text.TaskMainTaskMain
                0x0000000000203ea0       0x2c build/sample.o
                0x0000000000203ea0                TaskMainTaskMain
 .text._ZN7ecrobot3LcdC2Ev
                0x0000000000203ecc        0x6 /workspaces/nxtosek-3.01/ecrobot/../ecrobot/libecrobot++.a(Lcd.o)
                0x0000000000203ecc                ecrobot::Lcd::Lcd()
                0x0000000000203ecc                ecrobot::Lcd::Lcd()
 .text._ZN7ecrobot3Lcd5clearEb
                0x0000000000203ed2       0x1a /workspaces/nxtosek-3.01/ecrobot/../ecrobot/libecrobot++.a(Lcd.o)
                0x0000000000203ed2                ecrobot::Lcd::clear(bool)
 .text._ZN7ecrobot3Lcd4putfEPKcz
                0x0000000000203eec       0x92 /workspaces/nxtosek-3.01/ecrobot/../ecrobot/libecrobot++.a(Lcd.o)
                0x0000000000203eec                ecrobot::Lcd::putf(char const*, ...)
 .text._ZN7ecrobot3Lcd4dispEv
                0x0000000000203f7e        0xc /workspaces/nxtosek-3.01/ecrobot/../ecrobot/libecrobot++.a(Lcd.o)
                0x0000000000203f7e                ecrobot::Lcd::disp()
 .text.ecrobot_device_initialize
                0x0000000000203f8a        0x2 /workspaces/nxtosek-3.01/ecrobot/../ecrobot/libecrobot.a(ecrobot_device_hook.o)
                0x0000000000203f8a                ecrobot_device_initialize
 .text.ecrobot_device_terminate
                0x0000000000203f8c        0x2 /workspaces/nxtosek-3.01/ecrobot/../ecrobot/libecrobot.a(ecrobot_device_hook.o)
                0x0000000000203f8c                ecrobot_device_terminate
 *fill*         0x0000000000203f8e        0x2 
 .text.ecrobot_get_battery_voltage
                0x0000000000203f90        0xc /workspaces/nxtosek-3.01/ecrobot/../ecrobot/libecrobot.a(ecrobot_interface.o)
                0x0000000000203f90                ecrobot_get_battery_voltage
 .text.ecrobot_init_nxtstate
                0x0000000000203f9c       0x28 /workspaces/nxtosek-3.01/ecrobot/../ecrobot/libecrobot.a(ecrobot_interface.o)
                0x0000000000203f9c                ecrobot_init_nxtstate
 .text.ecrobot_get_button_state
                0x0000000000203fc4        0xc /workspaces/nxtosek-3.01/ecrobot/../ecrobot/libecrobot.a(ecrobot_interface.o)
                0x0000000000203fc4                ecrobot_get_button_state
 .text.ecrobot_poll_nxtstate
                0x0000000000203fd0       0x60 /workspaces/nxtosek-3.01/ecrobot/../ecrobot/libecrobot.a(ecrobot_interface.o)
                0x0000000000203fd0                ecrobot_poll_nxtstate
 .text.ecrobot_setDeviceInitialized
                0x0000000000204030       0x14 /workspaces/nxtosek-3.01/ecrobot/../ecrobot/libecrobot.a(ecrobot_interface.o)
                0x0000000000204030                ecrobot_setDeviceInitialized
 .text.ecrobot_initDeviceStatus
                0x0000000000204044        0xc /workspaces/nxtosek-3.01/ecrobot/../ecrobot/libecrobot.a(ecrobot_interface.o)
                0x0000000000204044                ecrobot_initDeviceStatus
 .text.ecrobot_bmp2lcd
                0x0000000000204050      0x1b8 /workspaces/nxtosek-3.01/ecrobot/../ecrobot/libecrobot.a(ecrobot_interface.o)
                0x0000000000204050                ecrobot_bmp2lcd
 .text.StartupHook
                0x0000000000204208        0x2 /workspaces/nxtosek-3.01/ecrobot/../ecrobot/libecrobot.a(osek_hook.o)
                0x0000000000204208                StartupHook
 .text.PreTaskHook
                0x000000000020420a        0x2 /workspaces/nxtosek-3.01/ecrobot/../ecrobot/libecrobot.a(osek_hook.o)
                0x000000000020420a                PreTaskHook
 .text.PostTaskHook
                0x000000000020420c        0x2 /workspaces/nxtosek-3.01/ecrobot/../ecrobot/libecrobot.a(osek_hook.o)
                0x000000000020420c                PostTaskHook
 *fill*         0x000000000020420e        0x2 
 .text          0x0000000000204210       0x14 /usr/lib/gcc/arm-none-eabi/9.2.1/thumb/nofp/libgcc.a(_thumb1_case_uqi.o)
                0x0000000000204210                __gnu_thumb1_case_uqi
 .text          0x0000000000204224       0x14 /usr/lib/gcc/arm-none-eabi/9.2.1/thumb/nofp/libgcc.a(_thumb1_case_uhi.o)
                0x0000000000204224                __gnu_thumb1_case_uhi
 .text          0x0000000000204238      0x11c /usr/lib/gcc/arm-none-eabi/9.2.1/thumb/nofp/libgcc.a(_udivsi3.o)
                0x0000000000204238                __udivsi3
                0x0000000000204238                __aeabi_uidiv
                0x0000000000204334                __aeabi_uidivmod
 .text          0x0000000000204354        0x4 /usr/lib/gcc/arm-none-eabi/9.2.1/thumb/nofp/libgcc.a(_dvmd_tls.o)
                0x0000000000204354                __aeabi_ldiv0
                0x0000000000204354                __aeabi_idiv0
 .text          0x0000000000204358       0x10 /usr/lib/gcc/arm-none-eabi/9.2.1/../../../arm-none-eabi/lib/thumb/nofp/libc.a(lib_a-cxa_finalize.o)
                0x0000000000204358                __cxa_finalize
 .text          0x0000000000204368       0xb0 /usr/lib/gcc/arm-none-eabi/9.2.1/../../../arm-none-eabi/lib/thumb/nofp/libc.a(lib_a-memset.o)
                0x0000000000204368                memset
 .text          0x0000000000204418       0x10 /usr/lib/gcc/arm-none-eabi/9.2.1/../../../arm-none-eabi/lib/thumb/nofp/libc.a(lib_a-strcpy.o)
                0x0000000000204418                strcpy
 .text          0x0000000000204428       0x6c /usr/lib/gcc/arm-none-eabi/9.2.1/../../../arm-none-eabi/lib/thumb/nofp/libc.a(lib_a-strlen-stub.o)
                0x0000000000204428                strlen
 .text          0x0000000000204494       0xcc /usr/lib/gcc/arm-none-eabi/9.2.1/../../../arm-none-eabi/lib/thumb/nofp/libc.a(lib_a-__call_atexit.o)
                0x0000000000204494                __call_exitprocs
 .text.__stub   0x0000000000204560       0x34 linker stubs
                0x00000000002045a0                . = ALIGN (0x10)
 *fill*         0x0000000000204598        0x8 
 *(*.rodata *.rodata.*)
 .rodata.tinib_autoact
                0x00000000002045a0        0x1 build/./kernel_cfg.o
                0x00000000002045a0                tinib_autoact
 .rodata.tinib_exepri
                0x00000000002045a1        0x1 build/./kernel_cfg.o
                0x00000000002045a1                tinib_exepri
 .rodata.tinib_inipri
                0x00000000002045a2        0x1 build/./kernel_cfg.o
                0x00000000002045a2                tinib_inipri
 *fill*         0x00000000002045a3        0x1 
 .rodata.tinib_stk
                0x00000000002045a4        0x4 build/./kernel_cfg.o
                0x00000000002045a4                tinib_stk
 .rodata.tinib_stksz
                0x00000000002045a8        0x2 build/./kernel_cfg.o
                0x00000000002045a8                tinib_stksz
 *fill*         0x00000000002045aa        0x2 
 .rodata.tinib_task
                0x00000000002045ac        0x4 build/./kernel_cfg.o
                0x00000000002045ac                tinib_task
 .rodata.tnum_exttask
                0x00000000002045b0        0x1 build/./kernel_cfg.o
                0x00000000002045b0                tnum_exttask
 .rodata.tnum_task
                0x00000000002045b1        0x1 build/./kernel_cfg.o
                0x00000000002045b1                tnum_task
 .rodata.show_main_screen.str1.1
                0x00000000002045b2       0x33 build/ecrobot_base.o
 .rodata.display_status_bar.str1.1
                0x00000000002045e5        0x6 build/ecrobot_base.o
 .rodata.add_status_info.str1.1
                0x00000000002045eb        0xd build/ecrobot_base.o
 .rodata.exec_addr
                0x00000000002045f8        0x4 build/ecrobot_base.o
                0x00000000002045f8                exec_addr
 .rodata.TaskMainTaskMain.str1.1
                0x00000000002045fc        0xe build/sample.o
 *fill*         0x000000000020460a        0x2 
 .rodata        0x000000000020460c        0x4 /usr/lib/gcc/arm-none-eabi/9.2.1/../../../arm-none-eabi/lib/thumb/nofp/libc.a(lib_a-impure.o)
                0x000000000020460c                _global_impure_ptr
                0x0000000000204610                . = ALIGN (0x10)
 *(*.gnu.linkonce.* .gcc_except_table)
                0x0000000000204610                . = ALIGN (0x10)

.vfp11_veneer   0x0000000000204610        0x0
 .vfp11_veneer  0x0000000000204610        0x0 linker stubs

.v4_bx          0x0000000000204610        0x0
 .v4_bx         0x0000000000204610        0x0 linker stubs

.iplt           0x0000000000204610        0x0
 .iplt          0x0000000000204610        0x0 build/kernel/osctl.o

.rel.dyn        0x0000000000204610        0x0
 .rel.iplt      0x0000000000204610        0x0 build/kernel/osctl.o

.tors           0x0000000000204610        0x0
                0x0000000000204610                . = ALIGN (0x10)
                0x0000000000204610                __ctor_begin = .
 *(*.ctors*)
                0x0000000000204610                __ctor_end = .
                0x0000000000204610                . = ALIGN (0x10)
                0x0000000000204610                __dtor_begin = .
 *(*.dtors*)
                0x0000000000204610                __dtor_end = .
                0x0000000000204610                . = ALIGN (0x10)

.bss            0x0000000000204610     0x1018
 *(*.bss *.bss.*)
 .bss.ready_primap
                0x0000000000204610        0x2 build/kernel/task.o
 .bss.ready_queue_first
                0x0000000000204612       0x10 build/kernel/task.o
 .bss.ready_queue_last
                0x0000000000204622       0x10 build/kernel/task.o
 *fill*         0x0000000000204632        0x2 
 .bss._stack_TaskMain
                0x0000000000204634      0x200 build/./kernel_cfg.o
 .bss.OS_flag   0x0000000000204834        0x4 build/ecrobot_base.o
 .bss.last_act_time.5755
                0x0000000000204838        0x4 build/ecrobot_base.o
 .bss.lcd.5713  0x000000000020483c      0x320 build/ecrobot_base.o
 .bss.status_bar
                0x0000000000204b5c       0x10 build/ecrobot_base.o
 .bss.status_bar_position
                0x0000000000204b6c        0x4 build/ecrobot_base.o
 .bss.ecrobot_inputs
                0x0000000000204b70        0x8 /workspaces/nxtosek-3.01/ecrobot/../ecrobot/libecrobot.a(ecrobot_interface.o)
 .bss.buttons_states
                0x0000000000204b78       0x14 /workspaces/nxtosek-3.01/ecrobot/../ecrobot/libecrobot.a(ecrobot_interface.o)
 .bss.buttons_i
                0x0000000000204b8c        0x4 /workspaces/nxtosek-3.01/ecrobot/../ecrobot/libecrobot.a(ecrobot_interface.o)
 .bss.systick_ms
                0x0000000000204b90        0x4 /workspaces/nxtosek-3.01/ecrobot/../ecrobot/libecrobot.a(systick.oram)
 .bss.newAddress
                0x0000000000204b94        0x4 /workspaces/nxtosek-3.01/ecrobot/../ecrobot/libecrobot.a(udp.oram)
 .bss.outCnt    0x0000000000204b98        0x4 /workspaces/nxtosek-3.01/ecrobot/../ecrobot/libecrobot.a(udp.oram)
 .bss.currentConfig
                0x0000000000204b9c        0x1 /workspaces/nxtosek-3.01/ecrobot/../ecrobot/libecrobot.a(udp.oram)
 *fill*         0x0000000000204b9d        0x3 
 .bss.outPtr    0x0000000000204ba0        0x4 /workspaces/nxtosek-3.01/ecrobot/../ecrobot/libecrobot.a(udp.oram)
 .bss.currentFeatures
                0x0000000000204ba4        0x4 /workspaces/nxtosek-3.01/ecrobot/../ecrobot/libecrobot.a(udp.oram)
 .bss.delayedEnable
                0x0000000000204ba8        0x1 /workspaces/nxtosek-3.01/ecrobot/../ecrobot/libecrobot.a(udp.oram)
 *fill*         0x0000000000204ba9        0x3 
 .bss.currentRxBank
                0x0000000000204bac        0x4 /workspaces/nxtosek-3.01/ecrobot/../ecrobot/libecrobot.a(udp.oram)
 .bss.twi_state
                0x0000000000204bb0        0x1 /workspaces/nxtosek-3.01/ecrobot/../ecrobot/libecrobot.a(twi.oram)
 *fill*         0x0000000000204bb1        0x3 
 .bss.twi_ptr   0x0000000000204bb4        0x4 /workspaces/nxtosek-3.01/ecrobot/../ecrobot/libecrobot.a(twi.oram)
 .bss.twi_pending
                0x0000000000204bb8        0x4 /workspaces/nxtosek-3.01/ecrobot/../ecrobot/libecrobot.a(twi.oram)
 .bss.twi_mask  0x0000000000204bbc        0x4 /workspaces/nxtosek-3.01/ecrobot/../ecrobot/libecrobot.a(twi.oram)
 .bss.dirty     0x0000000000204bc0        0x1 /workspaces/nxtosek-3.01/ecrobot/../ecrobot/libecrobot.a(nxt_spi.oram)
                0x0000000000204bc0                dirty
 .bss.page      0x0000000000204bc1        0x1 /workspaces/nxtosek-3.01/ecrobot/../ecrobot/libecrobot.a(nxt_spi.oram)
                0x0000000000204bc1                page
 *fill*         0x0000000000204bc2        0x2 
 .bss.display   0x0000000000204bc4        0x4 /workspaces/nxtosek-3.01/ecrobot/../ecrobot/libecrobot.a(nxt_spi.oram)
                0x0000000000204bc4                display
 .bss.motor     0x0000000000204bc8       0x30 /workspaces/nxtosek-3.01/ecrobot/../ecrobot/libecrobot.a(nxt_motors.oram)
 .bss.nxt_motor_initialised
                0x0000000000204bf8        0x4 /workspaces/nxtosek-3.01/ecrobot/../ecrobot/libecrobot.a(nxt_motors.oram)
 .bss.interrupts_this_period
                0x0000000000204bfc        0x4 /workspaces/nxtosek-3.01/ecrobot/../ecrobot/libecrobot.a(nxt_motors.oram)
 .bss.display_array
                0x0000000000204c00      0x388 /workspaces/nxtosek-3.01/ecrobot/../ecrobot/libecrobot.a(display.oram)
 .bss.display_tick
                0x0000000000204f88        0x4 /workspaces/nxtosek-3.01/ecrobot/../ecrobot/libecrobot.a(display.oram)
                0x0000000000204f88                display_tick
 .bss.i2c_port  0x0000000000204f8c      0x170 /workspaces/nxtosek-3.01/ecrobot/../ecrobot/libecrobot.a(i2c.oram)
 .bss.i2c_int_count
                0x00000000002050fc        0x4 /workspaces/nxtosek-3.01/ecrobot/../ecrobot/libecrobot.a(i2c.oram)
 .bss.sound_mode
                0x0000000000205100        0x1 /workspaces/nxtosek-3.01/ecrobot/../ecrobot/libecrobot.a(sound.oram)
                0x0000000000205100                sound_mode
 .bss.in_buf    0x0000000000205101      0x100 /workspaces/nxtosek-3.01/ecrobot/../ecrobot/libecrobot.a(bt.oram)
 .bss.out_buf_ptr
                0x0000000000205201        0x1 /workspaces/nxtosek-3.01/ecrobot/../ecrobot/libecrobot.a(bt.oram)
 *fill*         0x0000000000205202        0x2 
 .bss.buf_ptr   0x0000000000205204        0x4 /workspaces/nxtosek-3.01/ecrobot/../ecrobot/libecrobot.a(bt.oram)
 .bss.in_buf_in_ptr
                0x0000000000205208        0x1 /workspaces/nxtosek-3.01/ecrobot/../ecrobot/libecrobot.a(bt.oram)
 *fill*         0x0000000000205209        0x3 
 .bss.in_buf_idx
                0x000000000020520c        0x4 /workspaces/nxtosek-3.01/ecrobot/../ecrobot/libecrobot.a(bt.oram)
 .bss.update_count
                0x0000000000205210        0x4 /workspaces/nxtosek-3.01/ecrobot/../ecrobot/libecrobot.a(nxt_avr.oram)
 .bss.debounce_state
                0x0000000000205214        0x2 /workspaces/nxtosek-3.01/ecrobot/../ecrobot/libecrobot.a(nxt_avr.oram)
 .bss.button_state
                0x0000000000205216        0x2 /workspaces/nxtosek-3.01/ecrobot/../ecrobot/libecrobot.a(nxt_avr.oram)
 .bss.from_buf  0x0000000000205218        0x4 /workspaces/nxtosek-3.01/ecrobot/../ecrobot/libecrobot.a(nxt_avr.oram)
 .bss.io_from_avr
                0x000000000020521c        0x4 /workspaces/nxtosek-3.01/ecrobot/../ecrobot/libecrobot.a(nxt_avr.oram)
 .bss.data_from_avr
                0x0000000000205220       0x1a /workspaces/nxtosek-3.01/ecrobot/../ecrobot/libecrobot.a(nxt_avr.oram)
 .bss.debounce_cnt
                0x000000000020523a        0x2 /workspaces/nxtosek-3.01/ecrobot/../ecrobot/libecrobot.a(nxt_avr.oram)
 .bss.nxt_avr_stats
                0x000000000020523c       0x14 /workspaces/nxtosek-3.01/ecrobot/../ecrobot/libecrobot.a(nxt_avr.oram)
 .bss.link_state
                0x0000000000205250        0x4 /workspaces/nxtosek-3.01/ecrobot/../ecrobot/libecrobot.a(nxt_avr.oram)
 .bss.io_to_avr
                0x0000000000205254        0x8 /workspaces/nxtosek-3.01/ecrobot/../ecrobot/libecrobot.a(nxt_avr.oram)
 .bss.prev_buttons
                0x000000000020525c        0x2 /workspaces/nxtosek-3.01/ecrobot/../ecrobot/libecrobot.a(nxt_avr.oram)
 .bss.data_to_avr
                0x000000000020525e        0x9 /workspaces/nxtosek-3.01/ecrobot/../ecrobot/libecrobot.a(nxt_avr.oram)
 *fill*         0x0000000000205267        0x1 
 .bss.display   0x0000000000205268        0x4 /workspaces/nxtosek-3.01/ecrobot/../ecrobot/libecrobot.a(nxt_lcd.oram)
                0x0000000000205270                . = ALIGN (0x10)
 *fill*         0x000000000020526c        0x4 
                0x0000000000205628                __bss_end__ = .
 COMMON         0x0000000000205270        0x2 build/kernel/interrupt.o
                0x0000000000205270                runisr
                0x0000000000205271                sus_all_cnt
 *fill*         0x0000000000205272        0x2 
 COMMON         0x0000000000205274       0x10 build/kernel/osctl.o
                0x0000000000205274                callevel
                0x0000000000205275                _errorhook_svcid
                0x0000000000205276                appmode
                0x0000000000205278                _errorhook_par1
                0x000000000020527c                _errorhook_par3
                0x0000000000205280                _errorhook_par2
 COMMON         0x0000000000205284        0x3 build/kernel/task.o
                0x0000000000205284                runtsk
                0x0000000000205285                schedtsk
                0x0000000000205286                nextpri
 *fill*         0x0000000000205287        0x1 
 COMMON         0x0000000000205288       0x2c build/./kernel_cfg.o
                0x0000000000205288                tcb_waievt
                0x000000000020528c                rescb_prevpri
                0x000000000020528d                almcb_prev
                0x000000000020528e                tcb_lastres
                0x0000000000205290                almcb_almval
                0x0000000000205294                tcxb_pc
                0x0000000000205298                tcb_next
                0x0000000000205299                tcb_curpri
                0x000000000020529a                tcb_tstat
                0x000000000020529b                isrcb_lastres
                0x000000000020529c                cntcb_almque
                0x000000000020529d                rescb_prevres
                0x000000000020529e                tcb_actcnt
                0x00000000002052a0                tcb_curevt
                0x00000000002052a4                almcb_cycle
                0x00000000002052a8                tcxb_sp
                0x00000000002052ac                almcb_next
                0x00000000002052b0                cntcb_curval
 COMMON         0x00000000002052b4       0x44 /workspaces/nxtosek-3.01/ecrobot/../ecrobot/libecrobot.a(uart.oram)
                0x00000000002052b4                uart
 COMMON         0x00000000002052f8        0x4 /workspaces/nxtosek-3.01/ecrobot/../ecrobot/libecrobot.a(data_abort.oram)
                0x00000000002052f8                data_abort_pc
 COMMON         0x00000000002052fc        0x8 /workspaces/nxtosek-3.01/ecrobot/../ecrobot/libecrobot.a(display.oram)
                0x00000000002052fc                display_x
                0x0000000000205300                display_y
 COMMON         0x0000000000205304      0x324 /workspaces/nxtosek-3.01/ecrobot/../ecrobot/libecrobot.a(sound.oram)
                0x0000000000205304                sample
                0x0000000000204610                __bss_start__ = ADDR (.bss)
                0x0000000000205628                __bss_end__ = (ADDR (.bss) + SIZEOF (.bss))
                0x0000000000205628                PROVIDE (end = .)

.heap_area      0x0000000000205628     0xa550
                0x0000000000618798                . = (. + (0x20fb78 - end))
 *fill*         0x0000000000205628     0xa550 

.stack          0x000000000020fb78      0x488
                0x000000000020fbf8                . = (. + 0x80)
 *fill*         0x000000000020fb78       0x80 
                0x000000000020fc00                . = ALIGN (0x10)
 *fill*         0x000000000020fbf8        0x8 
                0x000000000020fc00                __irq_stack__ = .
                0x000000000020fc00                __system_stack_bottom__ = .
                0x0000000000210000                . = (. + 0x400)
 *fill*         0x000000000020fc00      0x400 
                0x0000000000210000                . = ALIGN (0x10)
                0x0000000000210000                __system_stack__ = .
                0x0000000000210000                __system_stack_top__ = .
                0x000000000020fb78                __stack_start__ = ADDR (.stack)
                0x0000000000210000                __stack_end__ = (ADDR (.stack) + SIZEOF (.stack))
OUTPUT(helloworld_rxe.elf elf32-littlearm)
LOAD linker stubs
LOAD build/nxtvm/platform/nxt/vectors.o

.comment        0x0000000000000000      0x117
 .comment       0x0000000000000000       0x59 build/kernel/interrupt.o
                                         0x5a (size before relaxing)
 .comment       0x0000000000000059       0x5a build/kernel/osctl.o
 .comment       0x0000000000000059       0x5a build/kernel/task.o
 .comment       0x0000000000000059       0x5a build/config/at91sam7s-gnu/cpu_config.o
 .comment       0x0000000000000059       0x5a build/config/at91sam7s-gnu/lego_nxt/sys_config.o
 .comment       0x0000000000000059       0x5a build/./kernel_cfg.o
 .comment       0x0000000000000059       0x5a build/ecrobot_base.o
 .comment       0x0000000000000059       0x5a build/ecrobot.o
 .comment       0x0000000000000059       0x5a build/syslib/at91sam7s-gnu/lego_nxt/hw_sys_timer.oram
 .comment       0x0000000000000059       0x5a build/sample.o
 .comment       0x0000000000000059       0x70 /workspaces/nxtosek-3.01/ecrobot/../ecrobot/libecrobot++.a(Lcd.o)
                                         0x71 (size before relaxing)
 .comment       0x00000000000000c9       0x71 /workspaces/nxtosek-3.01/ecrobot/../ecrobot/libecrobot.a(ecrobot_device_hook.o)
 .comment       0x00000000000000c9       0x71 /workspaces/nxtosek-3.01/ecrobot/../ecrobot/libecrobot.a(ecrobot_interface.o)
 .comment       0x00000000000000c9       0x71 /workspaces/nxtosek-3.01/ecrobot/../ecrobot/libecrobot.a(osek_hook.o)
 .comment       0x00000000000000c9       0x71 /workspaces/nxtosek-3.01/ecrobot/../ecrobot/libecrobot.a(uart.oram)
 .comment       0x00000000000000c9       0x71 /workspaces/nxtosek-3.01/ecrobot/../ecrobot/libecrobot.a(systick.oram)
 .comment       0x00000000000000c9       0x71 /workspaces/nxtosek-3.01/ecrobot/../ecrobot/libecrobot.a(byte_fifo.oram)
 .comment       0x00000000000000c9       0x71 /workspaces/nxtosek-3.01/ecrobot/../ecrobot/libecrobot.a(aic.oram)
 .comment       0x00000000000000c9       0x71 /workspaces/nxtosek-3.01/ecrobot/../ecrobot/libecrobot.a(udp.oram)
 .comment       0x00000000000000c9       0x71 /workspaces/nxtosek-3.01/ecrobot/../ecrobot/libecrobot.a(twi.oram)
 .comment       0x00000000000000c9       0x71 /workspaces/nxtosek-3.01/ecrobot/../ecrobot/libecrobot.a(nxt_spi.oram)
 .comment       0x00000000000000c9       0x71 /workspaces/nxtosek-3.01/ecrobot/../ecrobot/libecrobot.a(nxt_motors.oram)
 .comment       0x00000000000000c9       0x71 /workspaces/nxtosek-3.01/ecrobot/../ecrobot/libecrobot.a(data_abort.oram)
 .comment       0x00000000000000c9       0x71 /workspaces/nxtosek-3.01/ecrobot/../ecrobot/libecrobot.a(display.oram)
 .comment       0x00000000000000c9       0x71 /workspaces/nxtosek-3.01/ecrobot/../ecrobot/libecrobot.a(i2c.oram)
 .comment       0x00000000000000c9       0x71 /workspaces/nxtosek-3.01/ecrobot/../ecrobot/libecrobot.a(sound.oram)
 .comment       0x00000000000000c9       0x71 /workspaces/nxtosek-3.01/ecrobot/../ecrobot/libecrobot.a(bt.oram)
 .comment       0x00000000000000c9       0x71 /workspaces/nxtosek-3.01/ecrobot/../ecrobot/libecrobot.a(nxt_avr.oram)
 .comment       0x00000000000000c9       0x71 /workspaces/nxtosek-3.01/ecrobot/../ecrobot/libecrobot.a(sensors.oram)
 .comment       0x00000000000000c9       0x71 /workspaces/nxtosek-3.01/ecrobot/../ecrobot/libecrobot.a(nxt_lcd.oram)
 .comment       0x00000000000000c9       0x71 /workspaces/nxtosek-3.01/ecrobot/../ecrobot/libecrobot.a(flash_loader.oram)
 .comment       0x00000000000000c9       0x71 /workspaces/nxtosek-3.01/ecrobot/../ecrobot/libecrobot.a(flashprog.oram)
 .comment       0x00000000000000c9       0x4e /usr/lib/gcc/arm-none-eabi/9.2.1/../../../arm-none-eabi/lib/thumb/nofp/libc.a(lib_a-cxa_finalize.o)
                                         0x4f (size before relaxing)
 .comment       0x0000000000000117       0x4f /usr/lib/gcc/arm-none-eabi/9.2.1/../../../arm-none-eabi/lib/thumb/nofp/libc.a(lib_a-memset.o)
 .comment       0x0000000000000117       0x4f /usr/lib/gcc/arm-none-eabi/9.2.1/../../../arm-none-eabi/lib/thumb/nofp/libc.a(lib_a-strcpy.o)
 .comment       0x0000000000000117       0x4f /usr/lib/gcc/arm-none-eabi/9.2.1/../../../arm-none-eabi/lib/thumb/nofp/libc.a(lib_a-strlen-stub.o)
 .comment       0x0000000000000117       0x4f /usr/lib/gcc/arm-none-eabi/9.2.1/../../../arm-none-eabi/lib/thumb/nofp/libc.a(lib_a-__call_atexit.o)
 .comment       0x0000000000000117       0x4f /usr/lib/gcc/arm-none-eabi/9.2.1/../../../arm-none-eabi/lib/thumb/nofp/libc.a(lib_a-impure.o)

.ARM.attributes
                0x0000000000000000       0x28
 .ARM.attributes
                0x0000000000000000       0x2a build/kernel/interrupt.o
 .ARM.attributes
                0x000000000000002a       0x2a build/kernel/osctl.o
 .ARM.attributes
                0x0000000000000054       0x2a build/kernel/task.o
 .ARM.attributes
                0x000000000000007e       0x2a build/config/at91sam7s-gnu/cpu_config.o
 .ARM.attributes
                0x00000000000000a8       0x2a build/config/at91sam7s-gnu/lego_nxt/sys_config.o
 .ARM.attributes
                0x00000000000000d2       0x2a build/./kernel_cfg.o
 .ARM.attributes
                0x00000000000000fc       0x2a build/ecrobot_base.o
 .ARM.attributes
                0x0000000000000126       0x2a build/ecrobot.o
 .ARM.attributes
                0x0000000000000150       0x2a build/syslib/at91sam7s-gnu/lego_nxt/hw_sys_timer.oram
 .ARM.attributes
                0x000000000000017a       0x2a build/sample.o
 .ARM.attributes
                0x00000000000001a4       0x20 build/nxt_binary_header.o
 .ARM.attributes
                0x00000000000001c4       0x20 build/nxt_entry_point.o
 .ARM.attributes
                0x00000000000001e4       0x20 build/ecrobot_init.o
 .ARM.attributes
                0x0000000000000204       0x1a build/config/at91sam7s-gnu/cpu_support.oram
 .ARM.attributes
                0x000000000000021e       0x1a build/config/at91sam7s-gnu/irq.oram
 .ARM.attributes
                0x0000000000000238       0x30 /workspaces/nxtosek-3.01/ecrobot/../ecrobot/libecrobot++.a(Lcd.o)
 .ARM.attributes
                0x0000000000000268       0x30 /workspaces/nxtosek-3.01/ecrobot/../ecrobot/libecrobot.a(ecrobot_device_hook.o)
 .ARM.attributes
                0x0000000000000298       0x30 /workspaces/nxtosek-3.01/ecrobot/../ecrobot/libecrobot.a(ecrobot_interface.o)
 .ARM.attributes
                0x00000000000002c8       0x30 /workspaces/nxtosek-3.01/ecrobot/../ecrobot/libecrobot.a(osek_hook.o)
 .ARM.attributes
                0x00000000000002f8       0x30 /workspaces/nxtosek-3.01/ecrobot/../ecrobot/libecrobot.a(uart.oram)
 .ARM.attributes
                0x0000000000000328       0x30 /workspaces/nxtosek-3.01/ecrobot/../ecrobot/libecrobot.a(systick.oram)
 .ARM.attributes
                0x0000000000000358       0x30 /workspaces/nxtosek-3.01/ecrobot/../ecrobot/libecrobot.a(byte_fifo.oram)
 .ARM.attributes
                0x0000000000000388       0x30 /workspaces/nxtosek-3.01/ecrobot/../ecrobot/libecrobot.a(aic.oram)
 .ARM.attributes
                0x00000000000003b8       0x30 /workspaces/nxtosek-3.01/ecrobot/../ecrobot/libecrobot.a(udp.oram)
 .ARM.attributes
                0x00000000000003e8       0x30 /workspaces/nxtosek-3.01/ecrobot/../ecrobot/libecrobot.a(twi.oram)
 .ARM.attributes
                0x0000000000000418       0x30 /workspaces/nxtosek-3.01/ecrobot/../ecrobot/libecrobot.a(nxt_spi.oram)
 .ARM.attributes
                0x0000000000000448       0x30 /workspaces/nxtosek-3.01/ecrobot/../ecrobot/libecrobot.a(nxt_motors.oram)
 .ARM.attributes
                0x0000000000000478       0x30 /workspaces/nxtosek-3.01/ecrobot/../ecrobot/libecrobot.a(data_abort.oram)
 .ARM.attributes
                0x00000000000004a8       0x30 /workspaces/nxtosek-3.01/ecrobot/../ecrobot/libecrobot.a(display.oram)
 .ARM.attributes
                0x00000000000004d8       0x30 /workspaces/nxtosek-3.01/ecrobot/../ecrobot/libecrobot.a(i2c.oram)
 .ARM.attributes
                0x0000000000000508       0x30 /workspaces/nxtosek-3.01/ecrobot/../ecrobot/libecrobot.a(sound.oram)
 .ARM.attributes
                0x0000000000000538       0x30 /workspaces/nxtosek-3.01/ecrobot/../ecrobot/libecrobot.a(bt.oram)
 .ARM.attributes
                0x0000000000000568       0x30 /workspaces/nxtosek-3.01/ecrobot/../ecrobot/libecrobot.a(nxt_avr.oram)
 .ARM.attributes
                0x0000000000000598       0x30 /workspaces/nxtosek-3.01/ecrobot/../ecrobot/libecrobot.a(sensors.oram)
 .ARM.attributes
                0x00000000000005c8       0x30 /workspaces/nxtosek-3.01/ecrobot/../ecrobot/libecrobot.a(nxt_lcd.oram)
 .ARM.attributes
                0x00000000000005f8       0x30 /workspaces/nxtosek-3.01/ecrobot/../ecrobot/libecrobot.a(flash_loader.oram)
 .ARM.attributes
                0x0000000000000628       0x20 /workspaces/nxtosek-3.01/ecrobot/../ecrobot/libecrobot.a(interrupts.oram)
 .ARM.attributes
                0x0000000000000648       0x30 /workspaces/nxtosek-3.01/ecrobot/../ecrobot/libecrobot.a(flashprog.oram)
 .ARM.attributes
                0x0000000000000678       0x1c /usr/lib/gcc/arm-none-eabi/9.2.1/thumb/nofp/libgcc.a(_thumb1_case_uqi.o)
 .ARM.attributes
                0x0000000000000694       0x1c /usr/lib/gcc/arm-none-eabi/9.2.1/thumb/nofp/libgcc.a(_thumb1_case_uhi.o)
 .ARM.attributes
                0x00000000000006b0       0x1c /usr/lib/gcc/arm-none-eabi/9.2.1/thumb/nofp/libgcc.a(_udivsi3.o)
 .ARM.attributes
                0x00000000000006cc       0x1c /usr/lib/gcc/arm-none-eabi/9.2.1/thumb/nofp/libgcc.a(_dvmd_tls.o)
 .ARM.attributes
                0x00000000000006e8       0x2a /usr/lib/gcc/arm-none-eabi/9.2.1/../../../arm-none-eabi/lib/thumb/nofp/libc.a(lib_a-cxa_finalize.o)
 .ARM.attributes
                0x0000000000000712       0x2a /usr/lib/gcc/arm-none-eabi/9.2.1/../../../arm-none-eabi/lib/thumb/nofp/libc.a(lib_a-memset.o)
 .ARM.attributes
                0x000000000000073c       0x2a /usr/lib/gcc/arm-none-eabi/9.2.1/../../../arm-none-eabi/lib/thumb/nofp/libc.a(lib_a-strcpy.o)
 .ARM.attributes
                0x0000000000000766       0x2a /usr/lib/gcc/arm-none-eabi/9.2.1/../../../arm-none-eabi/lib/thumb/nofp/libc.a(lib_a-strlen-stub.o)
 .ARM.attributes
                0x0000000000000790       0x2a /usr/lib/gcc/arm-none-eabi/9.2.1/../../../arm-none-eabi/lib/thumb/nofp/libc.a(lib_a-__call_atexit.o)
 .ARM.attributes
                0x00000000000007ba       0x30 /usr/lib/gcc/arm-none-eabi/9.2.1/../../../arm-none-eabi/lib/thumb/nofp/libc.a(lib_a-impure.o)
 .ARM.attributes
                0x00000000000007ea       0x20 build/nxtvm/platform/nxt/vectors.o

.debug_line     0x0000000000000000      0xbb3
 .debug_line    0x0000000000000000       0x65 /usr/lib/gcc/arm-none-eabi/9.2.1/thumb/nofp/libgcc.a(_thumb1_case_uqi.o)
 .debug_line    0x0000000000000065       0x66 /usr/lib/gcc/arm-none-eabi/9.2.1/thumb/nofp/libgcc.a(_thumb1_case_uhi.o)
 .debug_line    0x00000000000000cb       0x7a /usr/lib/gcc/arm-none-eabi/9.2.1/thumb/nofp/libgcc.a(_udivsi3.o)
 .debug_line    0x0000000000000145       0x5d /usr/lib/gcc/arm-none-eabi/9.2.1/thumb/nofp/libgcc.a(_dvmd_tls.o)
 .debug_line    0x00000000000001a2      0x155 /usr/lib/gcc/arm-none-eabi/9.2.1/../../../arm-none-eabi/lib/thumb/nofp/libc.a(lib_a-cxa_finalize.o)
 .debug_line    0x00000000000002f7      0x27b /usr/lib/gcc/arm-none-eabi/9.2.1/../../../arm-none-eabi/lib/thumb/nofp/libc.a(lib_a-memset.o)
 .debug_line    0x0000000000000572      0x144 /usr/lib/gcc/arm-none-eabi/9.2.1/../../../arm-none-eabi/lib/thumb/nofp/libc.a(lib_a-strcpy.o)
 .debug_line    0x00000000000006b6      0x1bf /usr/lib/gcc/arm-none-eabi/9.2.1/../../../arm-none-eabi/lib/thumb/nofp/libc.a(lib_a-strlen-stub.o)
 .debug_line    0x0000000000000875      0x25e /usr/lib/gcc/arm-none-eabi/9.2.1/../../../arm-none-eabi/lib/thumb/nofp/libc.a(lib_a-__call_atexit.o)
 .debug_line    0x0000000000000ad3       0xe0 /usr/lib/gcc/arm-none-eabi/9.2.1/../../../arm-none-eabi/lib/thumb/nofp/libc.a(lib_a-impure.o)

.debug_info     0x0000000000000000     0x3f50
 .debug_info    0x0000000000000000       0x26 /usr/lib/gcc/arm-none-eabi/9.2.1/thumb/nofp/libgcc.a(_thumb1_case_uqi.o)
 .debug_info    0x0000000000000026       0x26 /usr/lib/gcc/arm-none-eabi/9.2.1/thumb/nofp/libgcc.a(_thumb1_case_uhi.o)
 .debug_info    0x000000000000004c       0x26 /usr/lib/gcc/arm-none-eabi/9.2.1/thumb/nofp/libgcc.a(_udivsi3.o)
 .debug_info    0x0000000000000072       0x26 /usr/lib/gcc/arm-none-eabi/9.2.1/thumb/nofp/libgcc.a(_dvmd_tls.o)
 .debug_info    0x0000000000000098      0x961 /usr/lib/gcc/arm-none-eabi/9.2.1/../../../arm-none-eabi/lib/thumb/nofp/libc.a(lib_a-cxa_finalize.o)
 .debug_info    0x00000000000009f9      0xf21 /usr/lib/gcc/arm-none-eabi/9.2.1/../../../arm-none-eabi/lib/thumb/nofp/libc.a(lib_a-memset.o)
 .debug_info    0x000000000000191a      0x943 /usr/lib/gcc/arm-none-eabi/9.2.1/../../../arm-none-eabi/lib/thumb/nofp/libc.a(lib_a-strcpy.o)
 .debug_info    0x000000000000225d      0x973 /usr/lib/gcc/arm-none-eabi/9.2.1/../../../arm-none-eabi/lib/thumb/nofp/libc.a(lib_a-strlen-stub.o)
 .debug_info    0x0000000000002bd0      0xa56 /usr/lib/gcc/arm-none-eabi/9.2.1/../../../arm-none-eabi/lib/thumb/nofp/libc.a(lib_a-__call_atexit.o)
 .debug_info    0x0000000000003626      0x92a /usr/lib/gcc/arm-none-eabi/9.2.1/../../../arm-none-eabi/lib/thumb/nofp/libc.a(lib_a-impure.o)

.debug_abbrev   0x0000000000000000      0xca8
 .debug_abbrev  0x0000000000000000       0x14 /usr/lib/gcc/arm-none-eabi/9.2.1/thumb/nofp/libgcc.a(_thumb1_case_uqi.o)
 .debug_abbrev  0x0000000000000014       0x14 /usr/lib/gcc/arm-none-eabi/9.2.1/thumb/nofp/libgcc.a(_thumb1_case_uhi.o)
 .debug_abbrev  0x0000000000000028       0x14 /usr/lib/gcc/arm-none-eabi/9.2.1/thumb/nofp/libgcc.a(_udivsi3.o)
 .debug_abbrev  0x000000000000003c       0x14 /usr/lib/gcc/arm-none-eabi/9.2.1/thumb/nofp/libgcc.a(_dvmd_tls.o)
 .debug_abbrev  0x0000000000000050      0x20f /usr/lib/gcc/arm-none-eabi/9.2.1/../../../arm-none-eabi/lib/thumb/nofp/libc.a(lib_a-cxa_finalize.o)
 .debug_abbrev  0x000000000000025f      0x217 /usr/lib/gcc/arm-none-eabi/9.2.1/../../../arm-none-eabi/lib/thumb/nofp/libc.a(lib_a-memset.o)
 .debug_abbrev  0x0000000000000476      0x1e3 /usr/lib/gcc/arm-none-eabi/9.2.1/../../../arm-none-eabi/lib/thumb/nofp/libc.a(lib_a-strcpy.o)
 .debug_abbrev  0x0000000000000659      0x1e8 /usr/lib/gcc/arm-none-eabi/9.2.1/../../../arm-none-eabi/lib/thumb/nofp/libc.a(lib_a-strlen-stub.o)
 .debug_abbrev  0x0000000000000841      0x2af /usr/lib/gcc/arm-none-eabi/9.2.1/../../../arm-none-eabi/lib/thumb/nofp/libc.a(lib_a-__call_atexit.o)
 .debug_abbrev  0x0000000000000af0      0x1b8 /usr/lib/gcc/arm-none-eabi/9.2.1/../../../arm-none-eabi/lib/thumb/nofp/libc.a(lib_a-impure.o)

.debug_aranges  0x0000000000000000      0x140
 .debug_aranges
                0x0000000000000000       0x20 /usr/lib/gcc/arm-none-eabi/9.2.1/thumb/nofp/libgcc.a(_thumb1_case_uqi.o)
 .debug_aranges
                0x0000000000000020       0x20 /usr/lib/gcc/arm-none-eabi/9.2.1/thumb/nofp/libgcc.a(_thumb1_case_uhi.o)
 .debug_aranges
                0x0000000000000040       0x20 /usr/lib/gcc/arm-none-eabi/9.2.1/thumb/nofp/libgcc.a(_udivsi3.o)
 .debug_aranges
                0x0000000000000060       0x20 /usr/lib/gcc/arm-none-eabi/9.2.1/thumb/nofp/libgcc.a(_dvmd_tls.o)
 .debug_aranges
                0x0000000000000080       0x20 /usr/lib/gcc/arm-none-eabi/9.2.1/../../../arm-none-eabi/lib/thumb/nofp/libc.a(lib_a-cxa_finalize.o)
 .debug_aranges
                0x00000000000000a0       0x20 /usr/lib/gcc/arm-none-eabi/9.2.1/../../../arm-none-eabi/lib/thumb/nofp/libc.a(lib_a-memset.o)
 .debug_aranges
                0x00000000000000c0       0x20 /usr/lib/gcc/arm-none-eabi/9.2.1/../../../arm-none-eabi/lib/thumb/nofp/libc.a(lib_a-strcpy.o)
 .debug_aranges
                0x00000000000000e0       0x20 /usr/lib/gcc/arm-none-eabi/9.2.1/../../../arm-none-eabi/lib/thumb/nofp/libc.a(lib_a-strlen-stub.o)
 .debug_aranges
                0x0000000000000100       0x28 /usr/lib/gcc/arm-none-eabi/9.2.1/../../../arm-none-eabi/lib/thumb/nofp/libc.a(lib_a-__call_atexit.o)
 .debug_aranges
                0x0000000000000128       0x18 /usr/lib/gcc/arm-none-eabi/9.2.1/../../../arm-none-eabi/lib/thumb/nofp/libc.a(lib_a-impure.o)

.debug_str      0x0000000000000000      0xb08
 .debug_str     0x0000000000000000       0x9b /usr/lib/gcc/arm-none-eabi/9.2.1/thumb/nofp/libgcc.a(_thumb1_case_uqi.o)
 .debug_str     0x000000000000009b       0x9b /usr/lib/gcc/arm-none-eabi/9.2.1/thumb/nofp/libgcc.a(_thumb1_case_uhi.o)
 .debug_str     0x000000000000009b       0x9b /usr/lib/gcc/arm-none-eabi/9.2.1/thumb/nofp/libgcc.a(_udivsi3.o)
 .debug_str     0x000000000000009b       0x9b /usr/lib/gcc/arm-none-eabi/9.2.1/thumb/nofp/libgcc.a(_dvmd_tls.o)
 .debug_str     0x000000000000009b      0x55e /usr/lib/gcc/arm-none-eabi/9.2.1/../../../arm-none-eabi/lib/thumb/nofp/libc.a(lib_a-cxa_finalize.o)
                                        0x5c4 (size before relaxing)
 .debug_str     0x00000000000005f9      0x312 /usr/lib/gcc/arm-none-eabi/9.2.1/../../../arm-none-eabi/lib/thumb/nofp/libc.a(lib_a-memset.o)
                                        0x8cb (size before relaxing)
 .debug_str     0x000000000000090b       0x99 /usr/lib/gcc/arm-none-eabi/9.2.1/../../../arm-none-eabi/lib/thumb/nofp/libc.a(lib_a-strcpy.o)
                                        0x5a8 (size before relaxing)
 .debug_str     0x00000000000009a4       0x45 /usr/lib/gcc/arm-none-eabi/9.2.1/../../../arm-none-eabi/lib/thumb/nofp/libc.a(lib_a-strlen-stub.o)
                                        0x5c7 (size before relaxing)
 .debug_str     0x00000000000009e9       0x90 /usr/lib/gcc/arm-none-eabi/9.2.1/../../../arm-none-eabi/lib/thumb/nofp/libc.a(lib_a-__call_atexit.o)
                                        0x61a (size before relaxing)
 .debug_str     0x0000000000000a79       0x8f /usr/lib/gcc/arm-none-eabi/9.2.1/../../../arm-none-eabi/lib/thumb/nofp/libc.a(lib_a-impure.o)
                                        0x59e (size before relaxing)

.debug_frame    0x0000000000000000      0x114
 .debug_frame   0x0000000000000000       0x20 /usr/lib/gcc/arm-none-eabi/9.2.1/thumb/nofp/libgcc.a(_udivsi3.o)
 .debug_frame   0x0000000000000020       0x28 /usr/lib/gcc/arm-none-eabi/9.2.1/../../../arm-none-eabi/lib/thumb/nofp/libc.a(lib_a-cxa_finalize.o)
 .debug_frame   0x0000000000000048       0x30 /usr/lib/gcc/arm-none-eabi/9.2.1/../../../arm-none-eabi/lib/thumb/nofp/libc.a(lib_a-memset.o)
 .debug_frame   0x0000000000000078       0x20 /usr/lib/gcc/arm-none-eabi/9.2.1/../../../arm-none-eabi/lib/thumb/nofp/libc.a(lib_a-strcpy.o)
 .debug_frame   0x0000000000000098       0x28 /usr/lib/gcc/arm-none-eabi/9.2.1/../../../arm-none-eabi/lib/thumb/nofp/libc.a(lib_a-strlen-stub.o)
 .debug_frame   0x00000000000000c0       0x54 /usr/lib/gcc/arm-none-eabi/9.2.1/../../../arm-none-eabi/lib/thumb/nofp/libc.a(lib_a-__call_atexit.o)

.debug_loc      0x0000000000000000      0x5bf
 .debug_loc     0x0000000000000000       0x32 /usr/lib/gcc/arm-none-eabi/9.2.1/../../../arm-none-eabi/lib/thumb/nofp/libc.a(lib_a-cxa_finalize.o)
 .debug_loc     0x0000000000000032      0x2df /usr/lib/gcc/arm-none-eabi/9.2.1/../../../arm-none-eabi/lib/thumb/nofp/libc.a(lib_a-memset.o)
 .debug_loc     0x0000000000000311       0x25 /usr/lib/gcc/arm-none-eabi/9.2.1/../../../arm-none-eabi/lib/thumb/nofp/libc.a(lib_a-strcpy.o)
 .debug_loc     0x0000000000000336       0xa3 /usr/lib/gcc/arm-none-eabi/9.2.1/../../../arm-none-eabi/lib/thumb/nofp/libc.a(lib_a-strlen-stub.o)
 .debug_loc     0x00000000000003d9      0x1e6 /usr/lib/gcc/arm-none-eabi/9.2.1/../../../arm-none-eabi/lib/thumb/nofp/libc.a(lib_a-__call_atexit.o)

.debug_ranges   0x0000000000000000       0x48
 .debug_ranges  0x0000000000000000       0x10 /usr/lib/gcc/arm-none-eabi/9.2.1/../../../arm-none-eabi/lib/thumb/nofp/libc.a(lib_a-strcpy.o)
 .debug_ranges  0x0000000000000010       0x38 /usr/lib/gcc/arm-none-eabi/9.2.1/../../../arm-none-eabi/lib/thumb/nofp/libc.a(lib_a-__call_atexit.o)

Cross Reference Table

Symbol                                            File
ActivateTask                                      build/kernel/task_manage.o
AssertDeviceConstructor                           build/rtoscalls.o
CancelAlarm                                       build/kernel/alarm.o
ChainTask                                         build/kernel/task_manage.o
ClearEvent                                        build/kernel/event.o
                                                  build/rtoscalls.o
DisableAllInterrupts                              build/kernel/interrupt.o
EnableAllInterrupts                               build/kernel/interrupt.o
ErrorHook                                         /workspaces/nxtosek-3.01/ecrobot/../ecrobot/libecrobot.a(osek_hook.o)
                                                  build/kernel/osctl.o
EventSleep                                        build/rtoscalls.o
EventSleepI2C                                     build/rtoscalls.o
GetActiveApplicationMode                          build/kernel/osctl.o
GetAlarm                                          build/kernel/alarm.o
GetAlarmBase                                      build/kernel/alarm.o
GetEvent                                          build/kernel/event.o
GetResource                                       build/kernel/resource.o
GetTaskID                                         build/kernel/task_manage.o
                                                  build/rtoscalls.o
GetTaskState                                      build/kernel/task_manage.o
NXT_COLORSENSOR_PROTOCOLS                         /workspaces/nxtosek-3.01/ecrobot/../ecrobot/libecrobot.a(ecrobot_interface.o)
NXT_Entry_Point                                   build/nxt_entry_point.o
                                                  build/nxt_binary_header.o
PostTaskHook                                      /workspaces/nxtosek-3.01/ecrobot/../ecrobot/libecrobot.a(osek_hook.o)
                                                  build/config/at91sam7s-gnu/cpu_support.oram
                                                  build/kernel/osctl.o
PreTaskHook                                       /workspaces/nxtosek-3.01/ecrobot/../ecrobot/libecrobot.a(osek_hook.o)
                                                  build/config/at91sam7s-gnu/cpu_support.oram
                                                  build/kernel/osctl.o
ReleaseResource                                   build/kernel/resource.o
ResumeAllInterrupts                               build/kernel/interrupt.o
ResumeOSInterrupts                                build/kernel/interrupt.o
Schedule                                          build/kernel/task_manage.o
SetAbsAlarm                                       build/kernel/alarm.o
SetEvent                                          build/kernel/event.o
                                                  build/rtoscalls.o
SetRelAlarm                                       build/kernel/alarm.o
ShutdownHook                                      /workspaces/nxtosek-3.01/ecrobot/../ecrobot/libecrobot.a(osek_hook.o)
                                                  build/kernel/osctl.o
ShutdownOS                                        build/kernel/osctl.o
SignalCounter                                     build/kernel/alarm.o
Sleep                                             build/rtoscalls.o
SleepI2C                                          build/rtoscalls.o
SleeperMonitor                                    build/rtoscalls.o
StartOS                                           build/kernel/osctl.o
                                                  build/ecrobot.o
StartupHook                                       /workspaces/nxtosek-3.01/ecrobot/../ecrobot/libecrobot.a(osek_hook.o)
                                                  build/kernel/osctl.o
SuspendAllInterrupts                              build/kernel/interrupt.o
SuspendOSInterrupts                               build/kernel/interrupt.o
TaskMain                                          build/./kernel_cfg.o
TaskMainTaskMain                                  build/sample.o
                                                  build/./kernel_cfg.o
TerminateTask                                     build/kernel/task_manage.o
WaitEvent                                         build/kernel/event.o
                                                  build/rtoscalls.o
__adddf3                                          /usr/lib/gcc/arm-none-eabi/9.2.1/thumb/nofp/libgcc.a(_arm_addsubdf3.o)
__aeabi_cdcmpeq                                   /usr/lib/gcc/arm-none-eabi/9.2.1/thumb/nofp/libgcc.a(_arm_cmpdf2.o)
__aeabi_cdcmple                                   /usr/lib/gcc/arm-none-eabi/9.2.1/thumb/nofp/libgcc.a(_arm_cmpdf2.o)
__aeabi_cdrcmple                                  /usr/lib/gcc/arm-none-eabi/9.2.1/thumb/nofp/libgcc.a(_arm_cmpdf2.o)
__aeabi_dadd                                      /usr/lib/gcc/arm-none-eabi/9.2.1/thumb/nofp/libgcc.a(_arm_addsubdf3.o)
__aeabi_dcmpeq                                    /usr/lib/gcc/arm-none-eabi/9.2.1/thumb/nofp/libgcc.a(_arm_cmpdf2.o)
__aeabi_dcmpge                                    /usr/lib/gcc/arm-none-eabi/9.2.1/thumb/nofp/libgcc.a(_arm_cmpdf2.o)
__aeabi_dcmpgt                                    /usr/lib/gcc/arm-none-eabi/9.2.1/thumb/nofp/libgcc.a(_arm_cmpdf2.o)
                                                  /workspaces/nxtosek-3.01/ecrobot/../ecrobot/libecrobot.a(colorsensor.o)
__aeabi_dcmple                                    /usr/lib/gcc/arm-none-eabi/9.2.1/thumb/nofp/libgcc.a(_arm_cmpdf2.o)
__aeabi_dcmplt                                    /usr/lib/gcc/arm-none-eabi/9.2.1/thumb/nofp/libgcc.a(_arm_cmpdf2.o)
__aeabi_dmul                                      /usr/lib/gcc/arm-none-eabi/9.2.1/thumb/nofp/libgcc.a(_arm_muldf3.o)
                                                  /workspaces/nxtosek-3.01/ecrobot/../ecrobot/libecrobot.a(colorsensor.o)
__aeabi_drsub                                     /usr/lib/gcc/arm-none-eabi/9.2.1/thumb/nofp/libgcc.a(_arm_addsubdf3.o)
__aeabi_dsub                                      /usr/lib/gcc/arm-none-eabi/9.2.1/thumb/nofp/libgcc.a(_arm_addsubdf3.o)
__aeabi_f2d                                       /usr/lib/gcc/arm-none-eabi/9.2.1/thumb/nofp/libgcc.a(_arm_addsubdf3.o)
__aeabi_i2d                                       /usr/lib/gcc/arm-none-eabi/9.2.1/thumb/nofp/libgcc.a(_arm_addsubdf3.o)
                                                  /workspaces/nxtosek-3.01/ecrobot/../ecrobot/libecrobot.a(colorsensor.o)
__aeabi_idiv                                      /usr/lib/gcc/arm-none-eabi/9.2.1/thumb/nofp/libgcc.a(_divsi3.o)
                                                  /workspaces/nxtosek-3.01/ecrobot/../ecrobot/libecrobot.a(sound.oram)
                                                  /workspaces/nxtosek-3.01/ecrobot/../ecrobot/libecrobot.a(uart.oram)
__aeabi_idiv0                                     /usr/lib/gcc/arm-none-eabi/9.2.1/thumb/nofp/libgcc.a(_dvmd_tls.o)
                                                  /usr/lib/gcc/arm-none-eabi/9.2.1/thumb/nofp/libgcc.a(_divsi3.o)
                                                  /usr/lib/gcc/arm-none-eabi/9.2.1/thumb/nofp/libgcc.a(_udivsi3.o)
__aeabi_idivmod                                   /usr/lib/gcc/arm-none-eabi/9.2.1/thumb/nofp/libgcc.a(_divsi3.o)
                                                  /workspaces/nxtosek-3.01/ecrobot/../ecrobot/libecrobot.a(sound.oram)
__aeabi_l2d                                       /usr/lib/gcc/arm-none-eabi/9.2.1/thumb/nofp/libgcc.a(_arm_addsubdf3.o)
__aeabi_ldiv0                                     /usr/lib/gcc/arm-none-eabi/9.2.1/thumb/nofp/libgcc.a(_dvmd_tls.o)
                                                  /usr/lib/gcc/arm-none-eabi/9.2.1/thumb/nofp/libgcc.a(_aeabi_ldivmod.o)
__aeabi_ldivmod                                   /usr/lib/gcc/arm-none-eabi/9.2.1/thumb/nofp/libgcc.a(_aeabi_ldivmod.o)
                                                  /workspaces/nxtosek-3.01/ecrobot/../ecrobot/libecrobot.a(sound.oram)
__aeabi_lmul                                      /usr/lib/gcc/arm-none-eabi/9.2.1/thumb/nofp/libgcc.a(_muldi3.o)
                                                  /workspaces/nxtosek-3.01/ecrobot/../ecrobot/libecrobot.a(sound.oram)
__aeabi_ui2d                                      /usr/lib/gcc/arm-none-eabi/9.2.1/thumb/nofp/libgcc.a(_arm_addsubdf3.o)
__aeabi_uidiv                                     /usr/lib/gcc/arm-none-eabi/9.2.1/thumb/nofp/libgcc.a(_udivsi3.o)
                                                  /workspaces/nxtosek-3.01/ecrobot/../ecrobot/libecrobot.a(sound.oram)
                                                  /workspaces/nxtosek-3.01/ecrobot/../ecrobot/libecrobot.a(display.oram)
                                                  /workspaces/nxtosek-3.01/ecrobot/../ecrobot/libecrobot.a(ecrobot_interface.o)
                                                  build/ecrobot_base.o
__aeabi_uidivmod                                  /usr/lib/gcc/arm-none-eabi/9.2.1/thumb/nofp/libgcc.a(_udivsi3.o)
                                                  /workspaces/nxtosek-3.01/ecrobot/../ecrobot/libecrobot.a(display.oram)
__aeabi_ul2d                                      /usr/lib/gcc/arm-none-eabi/9.2.1/thumb/nofp/libgcc.a(_arm_addsubdf3.o)
__bss_end__                                       build/ecrobot_init.o
__bss_start__                                     build/ecrobot_init.o
__call_exitprocs                                  /usr/lib/gcc/arm-none-eabi/9.2.1/../../../arm-none-eabi/lib/thumb/nofp/libc.a(lib_a-__call_atexit.o)
                                                  /usr/lib/gcc/arm-none-eabi/9.2.1/../../../arm-none-eabi/lib/thumb/nofp/libc.a(lib_a-cxa_finalize.o)
__clzdi2                                          /usr/lib/gcc/arm-none-eabi/9.2.1/thumb/nofp/libgcc.a(_clzdi2.o)
                                                  /usr/lib/gcc/arm-none-eabi/9.2.1/thumb/nofp/libgcc.a(_udivmoddi4.o)
__clzsi2                                          /usr/lib/gcc/arm-none-eabi/9.2.1/thumb/nofp/libgcc.a(_clzsi2.o)
                                                  /usr/lib/gcc/arm-none-eabi/9.2.1/thumb/nofp/libgcc.a(_clzdi2.o)
__cmpdf2                                          /usr/lib/gcc/arm-none-eabi/9.2.1/thumb/nofp/libgcc.a(_arm_cmpdf2.o)
__ctor_begin                                      build/ecrobot_base.o
__ctor_end                                        build/ecrobot_base.o
__cxa_finalize                                    /usr/lib/gcc/arm-none-eabi/9.2.1/../../../arm-none-eabi/lib/thumb/nofp/libc.a(lib_a-cxa_finalize.o)
                                                  build/ecrobot_base.o
__data_load_end__                                 build/ecrobot_init.o
__data_load_start__                               build/ecrobot_init.o
__data_ram_start__                                build/ecrobot_init.o
__divsi3                                          /usr/lib/gcc/arm-none-eabi/9.2.1/thumb/nofp/libgcc.a(_divsi3.o)
__eqdf2                                           /usr/lib/gcc/arm-none-eabi/9.2.1/thumb/nofp/libgcc.a(_arm_cmpdf2.o)
__extendsfdf2                                     /usr/lib/gcc/arm-none-eabi/9.2.1/thumb/nofp/libgcc.a(_arm_addsubdf3.o)
__fini_array_end                                  /usr/lib/gcc/arm-none-eabi/9.2.1/../../../arm-none-eabi/lib/thumb/nofp/libc.a(lib_a-fini.o)
__fini_array_start                                /usr/lib/gcc/arm-none-eabi/9.2.1/../../../arm-none-eabi/lib/thumb/nofp/libc.a(lib_a-fini.o)
__floatdidf                                       /usr/lib/gcc/arm-none-eabi/9.2.1/thumb/nofp/libgcc.a(_arm_addsubdf3.o)
__floatsidf                                       /usr/lib/gcc/arm-none-eabi/9.2.1/thumb/nofp/libgcc.a(_arm_addsubdf3.o)
__floatundidf                                     /usr/lib/gcc/arm-none-eabi/9.2.1/thumb/nofp/libgcc.a(_arm_addsubdf3.o)
__floatunsidf                                     /usr/lib/gcc/arm-none-eabi/9.2.1/thumb/nofp/libgcc.a(_arm_addsubdf3.o)
__gedf2                                           /usr/lib/gcc/arm-none-eabi/9.2.1/thumb/nofp/libgcc.a(_arm_cmpdf2.o)
__gnu_thumb1_case_uhi                             /usr/lib/gcc/arm-none-eabi/9.2.1/thumb/nofp/libgcc.a(_thumb1_case_uhi.o)
                                                  /workspaces/nxtosek-3.01/ecrobot/../ecrobot/libecrobot.a(i2c.oram)
__gnu_thumb1_case_uqi                             /usr/lib/gcc/arm-none-eabi/9.2.1/thumb/nofp/libgcc.a(_thumb1_case_uqi.o)
                                                  /workspaces/nxtosek-3.01/ecrobot/../ecrobot/libecrobot.a(sensors1.oram)
                                                  /workspaces/nxtosek-3.01/ecrobot/../ecrobot/libecrobot.a(nxt_avr.oram)
                                                  /workspaces/nxtosek-3.01/ecrobot/../ecrobot/libecrobot.a(uart.oram)
__gtdf2                                           /usr/lib/gcc/arm-none-eabi/9.2.1/thumb/nofp/libgcc.a(_arm_cmpdf2.o)
__irq_stack__                                     build/ecrobot_init.o
__ledf2                                           /usr/lib/gcc/arm-none-eabi/9.2.1/thumb/nofp/libgcc.a(_arm_cmpdf2.o)
__libc_fini                                       /usr/lib/gcc/arm-none-eabi/9.2.1/../../../arm-none-eabi/lib/thumb/nofp/libc.a(lib_a-__call_atexit.o)
__libc_fini_array                                 /usr/lib/gcc/arm-none-eabi/9.2.1/../../../arm-none-eabi/lib/thumb/nofp/libc.a(lib_a-fini.o)
                                                  /usr/lib/gcc/arm-none-eabi/9.2.1/../../../arm-none-eabi/lib/thumb/nofp/libc.a(lib_a-__call_atexit.o)
__ltdf2                                           /usr/lib/gcc/arm-none-eabi/9.2.1/thumb/nofp/libgcc.a(_arm_cmpdf2.o)
__muldf3                                          /usr/lib/gcc/arm-none-eabi/9.2.1/thumb/nofp/libgcc.a(_arm_muldf3.o)
__muldi3                                          /usr/lib/gcc/arm-none-eabi/9.2.1/thumb/nofp/libgcc.a(_muldi3.o)
__nedf2                                           /usr/lib/gcc/arm-none-eabi/9.2.1/thumb/nofp/libgcc.a(_arm_cmpdf2.o)
__ramtext_load_end__                              build/ecrobot_init.o
__ramtext_load_start__                            build/ecrobot_init.o
__ramtext_ram_start__                             build/ecrobot_init.o
__register_exitproc                               /usr/lib/gcc/arm-none-eabi/9.2.1/../../../arm-none-eabi/lib/thumb/nofp/libc.a(lib_a-__atexit.o)
                                                  /usr/lib/gcc/arm-none-eabi/9.2.1/../../../arm-none-eabi/lib/thumb/nofp/libc.a(lib_a-atexit.o)
__stack_end__                                     build/ecrobot_init.o
__stack_start__                                   build/ecrobot_init.o
__subdf3                                          /usr/lib/gcc/arm-none-eabi/9.2.1/thumb/nofp/libgcc.a(_arm_addsubdf3.o)
__system_stack__                                  build/config/at91sam7s-gnu/cpu_support.oram
                                                  build/ecrobot_init.o
__udivmoddi4                                      /usr/lib/gcc/arm-none-eabi/9.2.1/thumb/nofp/libgcc.a(_udivmoddi4.o)
                                                  /usr/lib/gcc/arm-none-eabi/9.2.1/thumb/nofp/libgcc.a(_aeabi_ldivmod.o)
__udivsi3                                         /usr/lib/gcc/arm-none-eabi/9.2.1/thumb/nofp/libgcc.a(_udivsi3.o)
__vectors_load_end__                              build/ecrobot_init.o
__vectors_load_start__                            build/ecrobot_init.o
__vectors_ram_start__                             build/ecrobot_init.o
_errorhook_par1                                   build/kernel/osctl.o
                                                  build/kernel/task_manage.o
                                                  build/kernel/resource.o
                                                  build/kernel/event.o
                                                  build/kernel/alarm.o
_errorhook_par2                                   build/kernel/osctl.o
                                                  build/kernel/task_manage.o
                                                  build/kernel/event.o
                                                  build/kernel/alarm.o
_errorhook_par3                                   build/kernel/osctl.o
                                                  build/kernel/alarm.o
_errorhook_svcid                                  build/kernel/osctl.o
_fini                                             /usr/lib/gcc/arm-none-eabi/9.2.1/../../../arm-none-eabi/lib/thumb/nofp/libc.a(lib_a-fini.o)
_global_impure_ptr                                /usr/lib/gcc/arm-none-eabi/9.2.1/../../../arm-none-eabi/lib/thumb/nofp/libc.a(lib_a-impure.o)
                                                  /usr/lib/gcc/arm-none-eabi/9.2.1/../../../arm-none-eabi/lib/thumb/nofp/libc.a(lib_a-__atexit.o)
                                                  /usr/lib/gcc/arm-none-eabi/9.2.1/../../../arm-none-eabi/lib/thumb/nofp/libc.a(lib_a-__call_atexit.o)
_impure_ptr                                       /usr/lib/gcc/arm-none-eabi/9.2.1/../../../arm-none-eabi/lib/thumb/nofp/libc.a(lib_a-impure.o)
_interrupt                                        build/config/at91sam7s-gnu/cpu_support.oram
                                                  build/config/at91sam7s-gnu/irq.oram
_sbrk_r                                           build/syscalls.o
activate_r                                        build/config/at91sam7s-gnu/cpu_support.oram
                                                  build/kernel/task.o
add_status_info                                   build/ecrobot_base.o
                                                  build/ecrobot.o
                                                  build/ecrobot_bluetooth.o
aic_clear                                         /workspaces/nxtosek-3.01/ecrobot/../ecrobot/libecrobot.a(aic.oram)
                                                  /workspaces/nxtosek-3.01/ecrobot/../ecrobot/libecrobot.a(bt.oram)
                                                  /workspaces/nxtosek-3.01/ecrobot/../ecrobot/libecrobot.a(sound.oram)
aic_initialise                                    /workspaces/nxtosek-3.01/ecrobot/../ecrobot/libecrobot.a(aic.oram)
                                                  /workspaces/nxtosek-3.01/ecrobot/../ecrobot/libecrobot.a(flash_loader.oram)
aic_mask_off                                      /workspaces/nxtosek-3.01/ecrobot/../ecrobot/libecrobot.a(aic.oram)
                                                  /workspaces/nxtosek-3.01/ecrobot/../ecrobot/libecrobot.a(bt.oram)
                                                  /workspaces/nxtosek-3.01/ecrobot/../ecrobot/libecrobot.a(i2c.oram)
                                                  /workspaces/nxtosek-3.01/ecrobot/../ecrobot/libecrobot.a(nxt_motors.oram)
                                                  /workspaces/nxtosek-3.01/ecrobot/../ecrobot/libecrobot.a(nxt_spi.oram)
                                                  /workspaces/nxtosek-3.01/ecrobot/../ecrobot/libecrobot.a(twi.oram)
                                                  /workspaces/nxtosek-3.01/ecrobot/../ecrobot/libecrobot.a(udp.oram)
                                                  /workspaces/nxtosek-3.01/ecrobot/../ecrobot/libecrobot.a(systick.oram)
                                                  /workspaces/nxtosek-3.01/ecrobot/../ecrobot/libecrobot.a(uart.oram)
aic_mask_on                                       /workspaces/nxtosek-3.01/ecrobot/../ecrobot/libecrobot.a(aic.oram)
                                                  /workspaces/nxtosek-3.01/ecrobot/../ecrobot/libecrobot.a(sound.oram)
                                                  /workspaces/nxtosek-3.01/ecrobot/../ecrobot/libecrobot.a(i2c.oram)
                                                  /workspaces/nxtosek-3.01/ecrobot/../ecrobot/libecrobot.a(nxt_motors.oram)
                                                  /workspaces/nxtosek-3.01/ecrobot/../ecrobot/libecrobot.a(nxt_spi.oram)
                                                  /workspaces/nxtosek-3.01/ecrobot/../ecrobot/libecrobot.a(twi.oram)
                                                  /workspaces/nxtosek-3.01/ecrobot/../ecrobot/libecrobot.a(udp.oram)
                                                  /workspaces/nxtosek-3.01/ecrobot/../ecrobot/libecrobot.a(systick.oram)
                                                  /workspaces/nxtosek-3.01/ecrobot/../ecrobot/libecrobot.a(uart.oram)
aic_set_vector                                    /workspaces/nxtosek-3.01/ecrobot/../ecrobot/libecrobot.a(aic.oram)
                                                  /workspaces/nxtosek-3.01/ecrobot/../ecrobot/libecrobot.a(sound.oram)
                                                  /workspaces/nxtosek-3.01/ecrobot/../ecrobot/libecrobot.a(i2c.oram)
                                                  /workspaces/nxtosek-3.01/ecrobot/../ecrobot/libecrobot.a(nxt_motors.oram)
                                                  /workspaces/nxtosek-3.01/ecrobot/../ecrobot/libecrobot.a(nxt_spi.oram)
                                                  /workspaces/nxtosek-3.01/ecrobot/../ecrobot/libecrobot.a(twi.oram)